Microchip MPLAB XC8 Compiler V1.38 ()

Linker command line:

--edf=/Applications/microchip/xc8/v1.38/dat/en_msgs.txt -cs \
  -h+dist/PIC18F14K50/production/MPLAB.X.production.sym \
  --cmf=dist/PIC18F14K50/production/MPLAB.X.production.cmf -z -Q18F14K50 \
  -o/tmp/xcUk84fUu -Mdist/PIC18F14K50/production/MPLAB.X.production.map -E1 \
  -ver=XC8 -ASTACK=09Ch-0ffh -pstack=STACK -ACODE=00h-03FFFh \
  -ACONST=00h-03FFFh -ASMALLCONST=0300h-03FFhx61 -AMEDIUMCONST=0300h-03FFFh \
  -ACOMRAM=01h-05Fh -AABS1=00h-02FFh -ABIGRAM=01h-02FFh \
  -ARAM=060h-0FFh,0100h-01FFhx2 -ABANK0=060h-0FFh -ABANK1=0100h-01FFh \
  -ABANK2=0200h-02FFh -ASFR=0F53h-0F5Fh,0F60h-0FFFh \
  -preset_vec=00h,intcode=08h,intcodelo,powerup,init,end_init \
  -pramtop=0300h -psmallconst=SMALLCONST -pmediumconst=MEDIUMCONST \
  -pconst=CONST -AFARRAM=00h-00h -ACONFIG=0300000h-030000Dh -pconfig=CONFIG \
  -AIDLOC=0200000h-0200007h -pidloc=IDLOC -AEEDATA=0F00000h-0F000FFh \
  -peeprom_data=EEDATA \
  -prdata=COMRAM,nvrram=COMRAM,nvbit=COMRAM,rbss=COMRAM,rbit=COMRAM \
  -pfarbss=FARRAM,fardata=FARRAM,nvFARRAM=FARRAM \
  -pintsave_regs=BIGRAM,bigbss=BIGRAM,bigdata=BIGRAM -pbss=RAM \
  -pidata=CODE,irdata=CODE,ibigdata=CODE,ifardata=CODE -prparam=COMRAM \
  /tmp/xcfn7iMeO.obj dist/PIC18F14K50/production/MPLAB.X.production.obj 

Object code version is 3.11

Machine type is 18F14K50

Call graph: (short form)




                Name                               Link     Load   Length Selector   Space Scale
/tmp/xcfn7iMeO.obj
                end_init                             82       82        4        4       0
                reset_vec                             0        0        4        0       0
                idloc                            200000   200000        8   200000       0
                config                           300000   300000        E   300000       0
dist/PIC18F14K50/production/MPLAB.X.production.obj
                intcode                               8        8       7A        4       0
                temp                                 52       52        1        1       1
                mediumconst                        3E86     3E86      17A     1F43       0
                text52                             19B6     19B6       C8        4       0
                text51                             18EC     18EC       CA        4       0
                text50                             1A7E     1A7E       C4        4       0
                text49                             1388     1388      118        4       0
                text48                             1F34     1F34       5C        4       0
                text47                             2308     2308        2        4       0
                text46                             22A6     22A6       12        4       0
                text45                             1D44     1D44       94        4       0
                text44                             2078     2078       3C        4       0
                text43                             2304     2304        4        4       0
                text42                             1F90     1F90       5A        4       0
                text41                              8B0      8B0      36A        4       0
                text40                             1E62     1E62       72        4       0
                text39                             1ED4     1ED4       60        4       0
                text38                              C1A      C1A      282        4       0
                text37                             1268     1268      120        4       0
                text36                             1C00     1C00       AA        4       0
                text35                             2180     2180       2C        4       0
                text34                             1592     1592       E4        4       0
                text33                             1676     1676       DC        4       0
                text32                             1CAA     1CAA       9A        4       0
                text31                             14A0     14A0       F2        4       0
                text30                             1DD8     1DD8       8A        4       0
                text29                             1752     1752       CE        4       0
                text28                             2032     2032       46        4       0
                text27                             21AC     21AC       28        4       0
                text26                             2152     2152       2E        4       0
                text25                              FF2      FF2      140        4       0
                text24                             1132     1132      136        4       0
                text22                              52A      52A      386        4       0
                text21                             1B42     1B42       BE        4       0
                text20                             21D4     21D4       26        4       0
                text19                             2290     2290       16        4       0
                text18                             22C6     22C6        E        4       0
                text17                             2300     2300        4        4       0
                text16                             22F2     22F2        8        4       0
                text15                             2278     2278       18        4       0
                text14                             22EA     22EA        8        4       0
                text13                             22D4     22D4        C        4       0
                text12                             22FA     22FA        6        4       0
                text11                             22B8     22B8        E        4       0
                text10                             22E0     22E0        A        4       0
                text9                              1FEA     1FEA       48        4       0
                text8                              225A     225A       1E        4       0
                text7                              223C     223C       1E        4       0
                text6                              1820     1820       CC        4       0
                text5                                86       86      4A4        4       0
                text4                              221E     221E       1E        4       0
                text3                              20EE     20EE       36        4       0
                text2                              2124     2124       2E        4       0
                text1                               E9C      E9C      156        4       0
                text0                              21FA     21FA       24        4       0
                cstackCOMRAM                          1        1       32        1       1
                cstackBANK0                          89       89       11       60       1
                bssBANK1                            100      100      100      100       1
                bssBANK0                             60       60       29       60       1
                bssCOMRAM                            33       33       1F        1       1
                cinit                              20B4     20B4       3A        4       0
                nvBANK0                              9A       9A        2       60       1

TOTAL           Name                               Link     Load   Length     Space
        CLASS   STACK          

        CLASS   CODE           
                end_init                             82       82        4         0
                intcode                               8        8       7A         0
                reset_vec                             0        0        4         0
                text52                             19B6     19B6       C8         0
                text51                             18EC     18EC       CA         0
                text50                             1A7E     1A7E       C4         0
                text49                             1388     1388      118         0
                text48                             1F34     1F34       5C         0
                text47                             2308     2308        2         0
                text46                             22A6     22A6       12         0
                text45                             1D44     1D44       94         0
                text44                             2078     2078       3C         0
                text43                             2304     2304        4         0
                text42                             1F90     1F90       5A         0
                text41                              8B0      8B0      36A         0
                text40                             1E62     1E62       72         0
                text39                             1ED4     1ED4       60         0
                text38                              C1A      C1A      282         0
                text37                             1268     1268      120         0
                text36                             1C00     1C00       AA         0
                text35                             2180     2180       2C         0
                text34                             1592     1592       E4         0
                text33                             1676     1676       DC         0
                text32                             1CAA     1CAA       9A         0
                text31                             14A0     14A0       F2         0
                text30                             1DD8     1DD8       8A         0
                text29                             1752     1752       CE         0
                text28                             2032     2032       46         0
                text27                             21AC     21AC       28         0
                text26                             2152     2152       2E         0
                text25                              FF2      FF2      140         0
                text24                             1132     1132      136         0
                text22                              52A      52A      386         0
                text21                             1B42     1B42       BE         0
                text20                             21D4     21D4       26         0
                text19                             2290     2290       16         0
                text18                             22C6     22C6        E         0
                text17                             2300     2300        4         0
                text16                             22F2     22F2        8         0
                text15                             2278     2278       18         0
                text14                             22EA     22EA        8         0
                text13                             22D4     22D4        C         0
                text12                             22FA     22FA        6         0
                text11                             22B8     22B8        E         0
                text10                             22E0     22E0        A         0
                text9                              1FEA     1FEA       48         0
                text8                              225A     225A       1E         0
                text7                              223C     223C       1E         0
                text6                              1820     1820       CC         0
                text5                                86       86      4A4         0
                text4                              221E     221E       1E         0
                text3                              20EE     20EE       36         0
                text2                              2124     2124       2E         0
                text1                               E9C      E9C      156         0
                text0                              21FA     21FA       24         0
                cinit                              20B4     20B4       3A         0

        CLASS   CONST          

        CLASS   SMALLCONST     

        CLASS   MEDIUMCONST    
                mediumconst                        3E86     3E86      17A         0

        CLASS   COMRAM         
                temp                                 52       52        1         1
                cstackCOMRAM                          1        1       32         1
                bssCOMRAM                            33       33       1F         1

        CLASS   ABS1           
                abs_s1                              200      200      100         1

        CLASS   BIGRAM         

        CLASS   RAM            

        CLASS   BANK0          
                cstackBANK0                          89       89       11         1
                bssBANK0                             60       60       29         1
                nvBANK0                              9A       9A        2         1

        CLASS   BANK1          
                bssBANK1                            100      100      100         1

        CLASS   BANK2          

        CLASS   SFR            

        CLASS   FARRAM         

        CLASS   CONFIG         
                config                           300000   300000        E         0

        CLASS   IDLOC          
                idloc                            200000   200000        8         0

        CLASS   EEDATA         



SEGMENTS        Name                           Load    Length   Top    Selector   Space  Class

                reset_vec                      000000  000004  000004         0       0  CODE    
                cstackCOMRAM                   000001  000052  000053         1       1  COMRAM  
                intcode                        000008  002302  00230A         4       0  CODE    
                bssBANK0                       000060  00003C  00009C        60       1  BANK0   
                bssBANK1                       000100  000100  000200       100       1  BANK1   
                mediumconst                    003E86  00017A  004000      1F43       0  MEDIUMCO
                idloc                          200000  000008  200008    200000       0  IDLOC   
                config                         300000  00000E  30000E    300000       0  CONFIG  


UNUSED ADDRESS RANGES

        Name                Unused          Largest block    Delta
        BANK0            00009C-0000FF               64
        BIGRAM           000053-00005F                D
                         00009C-0000FF               64
        CODE             000004-000007                4
                         00230A-003E85             1B7C
        COMRAM           000053-00005F                D
        CONST            000004-000007                4
                         00230A-003E85             1B7C
        EEDATA           F00000-F000FF              100
        MEDIUMCONST      00230A-003E85             1B7C
        RAM              00009C-0000FF               64
        SFR              000F53-000FFF                D
        SMALLCONST       00230A-003E85              100
        STACK            00009C-0000FF               64

                                  Symbol Table

?_TXFIFO_Fill                             cstackCOMRAM 00002D
?_TXFIFO_Room                             cstackCOMRAM 00002D
?_USBTransferOnePacket                    cstackCOMRAM 00002D
EEPROM_Checksum@eeprom_data               cstackBANK0  000090
EEPROM_Checksum@i                         cstackBANK0  000092
EEPROM_Read@addr                          cstackBANK0  00008A
EEPROM_Read@data                          cstackBANK0  000089
JTAG_SPI_Put@byte                         cstackCOMRAM 00002E
Main_Task_Blaster@opcode                  cstackBANK0  000099
Main_Task_Blaster@tx                      cstackBANK0  000096
Main_Task_Blaster@txfifo_size             cstackBANK0  000098
Main_Task_Blaster@txsize                  cstackBANK0  000097
TIMER0_Reach_10ms@flag                    cstackCOMRAM 00002D
TXFIFO_Read@ptr                           cstackCOMRAM 00002D
TXFIFO_Read@size                          cstackCOMRAM 00002F
TXFIFO_Write@data                         cstackCOMRAM 00002D
USBConfigureEndpoint@EPNum                cstackCOMRAM 000006
USBConfigureEndpoint@direction            cstackCOMRAM 000001
USBConfigureEndpoint@handle               cstackCOMRAM 000007
USBCtrlEPService@setup_cnt                cstackCOMRAM 00001D
USBCtrlTrfInHandler@lastDTS               cstackCOMRAM 000002
USBCtrlTrfRxService@byteToRead            cstackCOMRAM 000002
USBCtrlTrfRxService@i                     cstackCOMRAM 000001
USBCtrlTrfTxService@byteToSend            cstackCOMRAM 000001
USBDeviceInit@i                           cstackBANK0  00008B
USBDeviceTasks@i                          cstackCOMRAM 00001E
USBEnableEndpoint@ep                      cstackCOMRAM 00000C
USBEnableEndpoint@options                 cstackCOMRAM 000009
USBEnableEndpoint@p                       cstackCOMRAM 00000A
USBStdFeatureReqHandler@current_ep_data   cstackCOMRAM 000018
USBStdFeatureReqHandler@p                 cstackCOMRAM 000019
USBStdFeatureReqHandler@pUEP              cstackCOMRAM 000016
USBStdGetStatusHandler@p                  cstackCOMRAM 000002
USBStdSetCfgHandler@i                     cstackCOMRAM 000015
USBTransferOnePacket@data                 cstackCOMRAM 00002E
USBTransferOnePacket@dir                  cstackCOMRAM 00002D
USBTransferOnePacket@ep                   cstackBANK0  000089
USBTransferOnePacket@handle               cstackBANK0  00008A
USBTransferOnePacket@len                  cstackCOMRAM 000030
USB_FT245_Emulation@addr                  cstackCOMRAM 000009
USER_USB_CALLBACK_EVENT_HANDLER@event     cstackCOMRAM 00000D
USER_USB_CALLBACK_EVENT_HANDLER@pdata     cstackCOMRAM 00000F
USER_USB_CALLBACK_EVENT_HANDLER@size      cstackCOMRAM 000011
_ANSEL                                    (abs)        000F7E
_ANSELH                                   (abs)        000F7F
_BDT                                      (abs)        000200
_Blaster_Init                             text18       0022C6
_BothEP0OutUOWNsSet                       bssCOMRAM    000041
_ByteSize                                 bssBANK0     000080
_CCP1CON                                  (abs)        000FBD
_CCPR1L                                   (abs)        000FBE
_CtrlTrfData                              (abs)        000238
_EEPROM_Checksum                          text21       001B42
_EEPROM_Read                              text22       00052A
_INTCONbits                               (abs)        000FF2
_IPR2bits                                 (abs)        000FA2
_JTAG_Init                                text20       0021D4
_JTAG_Mode_PORT                           text17       002300
_JTAG_Mode_SPI                            text16       0022F2
_JTAG_SPI_Get                             text14       0022EA
_JTAG_SPI_Put                             text13       0022D4
_JTAG_SPI_Wait                            text12       0022FA
_JTAG_State                               bssBANK0     000081
_LATBbits                                 (abs)        000F8A
_LATCbits                                 (abs)        000F8B
_Main_Task_Blaster                        text5        000086
_Main_Task_Blaster$1216                   cstackBANK0  00008E
_Main_Task_Blaster$1250                   cstackBANK0  000090
_Main_Task_Blaster$1297                   cstackBANK0  000092
_Main_Task_Blaster$1301                   cstackBANK0  000094
_PIE2bits                                 (abs)        000FA0
_PIR2bits                                 (abs)        000FA1
_PORTBbits                                (abs)        000F81
_PR2                                      (abs)        000FCB
_PSTRCON                                  (abs)        000FB9
_RCONbits                                 (abs)        000FD0
_REV                                      mediumconst  003E87
_Read                                     bssBANK0     000082
_RemoteWakeup                             bssCOMRAM    000042
_RxPtr                                    bssBANK0     000083
_RxSize                                   bssBANK0     000084
_Rx_State                                 bssBANK0     000085
_SLRCON                                   (abs)        000F76
_SSPBUF                                   (abs)        000FC9
_SSPCON1                                  (abs)        000FC6
_SSPCON1bits                              (abs)        000FC6
_SSPSTAT                                  (abs)        000FC7
_SSPSTATbits                              (abs)        000FC7
_SYS_InterruptHigh                        intcode      000008
_SetupPkt                                 (abs)        000230
_T0CON                                    (abs)        000FD5
_T2CON                                    (abs)        000FCA
_TIMER0_Reach_10ms                        text11       0022B8
_TIMER0_Start_10ms                        text19       002290
_TMR0H                                    (abs)        000FD7
_TMR0L                                    (abs)        000FD6
_TMR2                                     (abs)        000FCC
_TRISB                                    (abs)        000F93
_TRISBbits                                (abs)        000F93
_TRISC                                    (abs)        000F94
_TXFIFO                                   bssBANK1     000100
_TXFIFO_Fill                              text10       0022E0
_TXFIFO_Init                              text46       0022A6
_TXFIFO_Read                              text9        001FEA
_TXFIFO_Room                              text8        00225A
_TXFIFO_Write                             text7        00223C
_TXFIFO_ocpy                              bssCOMRAM    000039
_TXFIFO_rp                                bssCOMRAM    000043
_TXFIFO_wp                                bssCOMRAM    000044
_Timer_Init                               text4        00221E
_UADDR                                    (abs)        000F5C
_UCFG                                     (abs)        000F61
_UCON                                     (abs)        000F64
_UCONbits                                 (abs)        000F64
_UEIE                                     (abs)        000F5B
_UEIR                                     (abs)        000F5F
_UEP0                                     (abs)        000F53
_UEP0bits                                 (abs)        000F53
_UEP1                                     (abs)        000F54
_UIE                                      (abs)        000F60
_UIEbits                                  (abs)        000F60
_UIR                                      (abs)        000F62
_UIRbits                                  (abs)        000F62
_USBActiveConfiguration                   bssCOMRAM    00004F
_USBAlternateInterface                    bssCOMRAM    000050
_USBBusIsSuspended                        bssCOMRAM    000045
_USBCheckStdRequest                       text33       001676
_USBCheckVendorRequest                    text47       002308
_USBConfigureEndpoint                     text45       001D44
_USBCtrlEPAllowDataStage                  text32       001CAA
_USBCtrlEPAllowStatusStage                text50       001A7E
_USBCtrlEPService                         text29       001752
_USBCtrlEPServiceComplete                 text31       0014A0
_USBCtrlTrfInHandler                      text51       0018EC
_USBCtrlTrfOutHandler                     text48       001F34
_USBCtrlTrfRxService                      text49       001388
_USBCtrlTrfSetupHandler                   text30       001DD8
_USBCtrlTrfTxService                      text52       0019B6
_USBDeferINDataStagePackets               bssCOMRAM    000046
_USBDeferOUTDataStagePackets              bssCOMRAM    000047
_USBDeferStatusStagePacket                bssCOMRAM    000048
_USBDeviceAttach                          text3        0020EE
_USBDeviceInit                            text1        000E9C
_USBDeviceState                           bssBANK0     000086
_USBDeviceTasks                           text24       001132
_USBEnableEndpoint                        text44       002078
_USBStallHandler                          text28       002032
_USBStatusStageEnabledFlag1               bssCOMRAM    000049
_USBStatusStageEnabledFlag2               bssCOMRAM    00004A
_USBStatusStageTimeoutCounter             bssCOMRAM    00004B
_USBStdFeatureReqHandler                  text38       000C1A
_USBStdGetDscHandler                      text37       001268
_USBStdGetStatusHandler                   text36       001C00
_USBStdSetCfgHandler                      text34       001592
_USBSuspend                               text27       0021AC
_USBTransferOnePacket                     text6        001820
_USBWakeFromSuspend                       text26       002152
_USB_CD_Ptr                               mediumconst  003F8F
_USB_Ept_Init                             text42       001F90
_USB_FT245_Emulation                      text40       001E62
_USB_InHandle0                            bssBANK0     00007A
_USB_InPacket                             (abs)        000240
_USB_OutHandle0                           bssBANK0     00007C
_USB_OutHandle1                           bssBANK0     00007E
_USB_OutPacket                            (abs)        000280
_USB_SD_Ptr                               mediumconst  003F87
_USER_USB_CALLBACK_EVENT_HANDLER          text39       001ED4
_USTAT                                    (abs)        000F63
_USTATcopy                                bssCOMRAM    000051
_ValidPPB                                 bssBANK0     000087
__CFG_BBSIZ$OFF                           (abs)        000000
__CFG_BOREN$OFF                           (abs)        000000
__CFG_BORV$30                             (abs)        000000
__CFG_CP0$OFF                             (abs)        000000
__CFG_CP1$OFF                             (abs)        000000
__CFG_CPB$OFF                             (abs)        000000
__CFG_CPUDIV$NOCLKDIV                     (abs)        000000
__CFG_EBTR0$OFF                           (abs)        000000
__CFG_EBTR1$OFF                           (abs)        000000
__CFG_EBTRB$OFF                           (abs)        000000
__CFG_FCMEN$OFF                           (abs)        000000
__CFG_FOSC$HS                             (abs)        000000
__CFG_HFOFST$OFF                          (abs)        000000
__CFG_IESO$OFF                            (abs)        000000
__CFG_LVP$ON                              (abs)        000000
__CFG_MCLRE$OFF                           (abs)        000000
__CFG_PLLEN$ON                            (abs)        000000
__CFG_PWRTEN$OFF                          (abs)        000000
__CFG_STVREN$ON                           (abs)        000000
__CFG_USBDIV$OFF                          (abs)        000000
__CFG_WDTEN$OFF                           (abs)        000000
__CFG_WDTPS$32768                         (abs)        000000
__CFG_WRT0$OFF                            (abs)        000000
__CFG_WRT1$OFF                            (abs)        000000
__CFG_WRTB$OFF                            (abs)        000000
__CFG_WRTC$OFF                            (abs)        000000
__CFG_XINST$OFF                           (abs)        000000
__HRAM                                    (abs)        000000
__Habs1                                   abs1         000000
__Hbank0                                  bank0        000000
__Hbank1                                  bank1        000000
__Hbank2                                  bank2        000000
__Hbigbss                                 bigbss       000000
__Hbigdata                                bigdata      000000
__Hbigram                                 bigram       000000
__Hbss                                    bss          000000
__HbssBANK0                               bssBANK0     000000
__HbssBANK1                               bssBANK1     000000
__HbssCOMRAM                              bssCOMRAM    000000
__Hcinit                                  cinit        000000
__Hclrtext                                clrtext      000000
__Hcomram                                 comram       000000
__Hconfig                                 config       30000E
__Hconst                                  const        000000
__HcstackBANK0                            cstackBANK0  000000
__HcstackCOMRAM                           cstackCOMRAM 000000
__Hdata                                   data         000000
__Heeprom_data                            eeprom_data  000000
__Hend_init                               end_init     000086
__Hfarbss                                 farbss       000000
__Hfardata                                fardata      000000
__Hibigdata                               ibigdata     000000
__Hidata                                  idata        000000
__Hidloc                                  idloc        200008
__Hifardata                               ifardata     000000
__Hinit                                   init         000082
__Hintcode                                intcode      000082
__Hintcode_body                           intcode_body 000000
__Hintcodelo                              intcodelo    000082
__Hintentry                               intentry     000000
__Hintret                                 intret       000000
__Hintsave_regs                           intsave_regs 000000
__Hirdata                                 irdata       000000
__Hmediumconst                            mediumconst  004000
__HnvBANK0                                nvBANK0      000000
__HnvFARRAM                               nvFARRAM     000000
__Hnvbit                                  nvbit        000000
__Hnvrram                                 nvrram       000000
__Hparam                                  rparam       000000
__Hpowerup                                powerup      000082
__Hram                                    ram          000000
__Hramtop                                 ramtop       000300
__Hrbit                                   rbit         000000
__Hrbss                                   rbss         000000
__Hrdata                                  rdata        000000
__Hreset_vec                              reset_vec    000004
__Hrparam                                 rparam       000000
__Hsfr                                    sfr          000000
__Hsmallconst                             smallconst   000000
__Hspace_0                                (abs)        30000E
__Hspace_1                                (abs)        000200
__Hspace_2                                (abs)        000000
__Hstack                                  stack        000000
__Hstruct                                 struct       000000
__Htemp                                   temp         000053
__Htext                                   text         000000
__Htext0                                  text0        000000
__Htext1                                  text1        000000
__Htext10                                 text10       000000
__Htext11                                 text11       000000
__Htext12                                 text12       000000
__Htext13                                 text13       000000
__Htext14                                 text14       000000
__Htext15                                 text15       000000
__Htext16                                 text16       000000
__Htext17                                 text17       000000
__Htext18                                 text18       000000
__Htext19                                 text19       000000
__Htext2                                  text2        000000
__Htext20                                 text20       000000
__Htext21                                 text21       000000
__Htext22                                 text22       000000
__Htext24                                 text24       000000
__Htext25                                 text25       000000
__Htext26                                 text26       000000
__Htext27                                 text27       000000
__Htext28                                 text28       000000
__Htext29                                 text29       000000
__Htext3                                  text3        000000
__Htext30                                 text30       000000
__Htext31                                 text31       000000
__Htext32                                 text32       000000
__Htext33                                 text33       000000
__Htext34                                 text34       000000
__Htext35                                 text35       000000
__Htext36                                 text36       000000
__Htext37                                 text37       000000
__Htext38                                 text38       000000
__Htext39                                 text39       000000
__Htext4                                  text4        000000
__Htext40                                 text40       000000
__Htext41                                 text41       000000
__Htext42                                 text42       000000
__Htext43                                 text43       000000
__Htext44                                 text44       000000
__Htext45                                 text45       000000
__Htext46                                 text46       000000
__Htext47                                 text47       000000
__Htext48                                 text48       000000
__Htext49                                 text49       000000
__Htext5                                  text5        000000
__Htext50                                 text50       000000
__Htext51                                 text51       000000
__Htext52                                 text52       000000
__Htext6                                  text6        000000
__Htext7                                  text7        000000
__Htext8                                  text8        000000
__Htext9                                  text9        000000
__LRAM                                    (abs)        000001
__Labs1                                   abs1         000000
__Lbank0                                  bank0        000000
__Lbank1                                  bank1        000000
__Lbank2                                  bank2        000000
__Lbigbss                                 bigbss       000000
__Lbigdata                                bigdata      000000
__Lbigram                                 bigram       000000
__Lbss                                    bss          000000
__LbssBANK0                               bssBANK0     000000
__LbssBANK1                               bssBANK1     000000
__LbssCOMRAM                              bssCOMRAM    000000
__Lcinit                                  cinit        000000
__Lclrtext                                clrtext      000000
__Lcomram                                 comram       000000
__Lconfig                                 config       300000
__Lconst                                  const        000000
__LcstackBANK0                            cstackBANK0  000000
__LcstackCOMRAM                           cstackCOMRAM 000000
__Ldata                                   data         000000
__Leeprom_data                            eeprom_data  000000
__Lend_init                               end_init     000082
__Lfarbss                                 farbss       000000
__Lfardata                                fardata      000000
__Libigdata                               ibigdata     000000
__Lidata                                  idata        000000
__Lidloc                                  idloc        200000
__Lifardata                               ifardata     000000
__Linit                                   init         000082
__Lintcode                                intcode      000008
__Lintcode_body                           intcode_body 000000
__Lintcodelo                              intcodelo    000082
__Lintentry                               intentry     000000
__Lintret                                 intret       000000
__Lintsave_regs                           intsave_regs 000000
__Lirdata                                 irdata       000000
__Lmediumconst                            mediumconst  003E86
__LnvBANK0                                nvBANK0      000000
__LnvFARRAM                               nvFARRAM     000000
__Lnvbit                                  nvbit        000000
__Lnvrram                                 nvrram       000000
__Lparam                                  rparam       000000
__Lpowerup                                powerup      000082
__Lram                                    ram          000000
__Lramtop                                 ramtop       000300
__Lrbit                                   rbit         000000
__Lrbss                                   rbss         000000
__Lrdata                                  rdata        000000
__Lreset_vec                              reset_vec    000000
__Lrparam                                 rparam       000000
__Lsfr                                    sfr          000000
__Lsmallconst                             smallconst   000000
__Lspace_0                                (abs)        000000
__Lspace_1                                (abs)        000000
__Lspace_2                                (abs)        000000
__Lstack                                  stack        000000
__Lstruct                                 struct       000000
__Ltemp                                   temp         000052
__Ltext                                   text         000000
__Ltext0                                  text0        000000
__Ltext1                                  text1        000000
__Ltext10                                 text10       000000
__Ltext11                                 text11       000000
__Ltext12                                 text12       000000
__Ltext13                                 text13       000000
__Ltext14                                 text14       000000
__Ltext15                                 text15       000000
__Ltext16                                 text16       000000
__Ltext17                                 text17       000000
__Ltext18                                 text18       000000
__Ltext19                                 text19       000000
__Ltext2                                  text2        000000
__Ltext20                                 text20       000000
__Ltext21                                 text21       000000
__Ltext22                                 text22       000000
__Ltext24                                 text24       000000
__Ltext25                                 text25       000000
__Ltext26                                 text26       000000
__Ltext27                                 text27       000000
__Ltext28                                 text28       000000
__Ltext29                                 text29       000000
__Ltext3                                  text3        000000
__Ltext30                                 text30       000000
__Ltext31                                 text31       000000
__Ltext32                                 text32       000000
__Ltext33                                 text33       000000
__Ltext34                                 text34       000000
__Ltext35                                 text35       000000
__Ltext36                                 text36       000000
__Ltext37                                 text37       000000
__Ltext38                                 text38       000000
__Ltext39                                 text39       000000
__Ltext4                                  text4        000000
__Ltext40                                 text40       000000
__Ltext41                                 text41       000000
__Ltext42                                 text42       000000
__Ltext43                                 text43       000000
__Ltext44                                 text44       000000
__Ltext45                                 text45       000000
__Ltext46                                 text46       000000
__Ltext47                                 text47       000000
__Ltext48                                 text48       000000
__Ltext49                                 text49       000000
__Ltext5                                  text5        000000
__Ltext50                                 text50       000000
__Ltext51                                 text51       000000
__Ltext52                                 text52       000000
__Ltext6                                  text6        000000
__Ltext7                                  text7        000000
__Ltext8                                  text8        000000
__Ltext9                                  text9        000000
__S0                                      (abs)        30000E
__S1                                      (abs)        000200
__S2                                      (abs)        000000
___inthi_sp                               stack        000000
___intlo_sp                               stack        000000
___param_bank                             (abs)        000010
___rparam_used                            (abs)        000001
___sp                                     stack        000000
__accesstop                               (abs)        000060
__activetblptr                            (abs)        000002
__end_of_Blaster_Init                     text18       0022D4
__end_of_EEPROM_Checksum                  text21       001C00
__end_of_EEPROM_Read                      text22       0008B0
__end_of_JTAG_Init                        text20       0021FA
__end_of_JTAG_Mode_PORT                   text17       002304
__end_of_JTAG_Mode_SPI                    text16       0022FA
__end_of_JTAG_SPI_Get                     text14       0022F2
__end_of_JTAG_SPI_Put                     text13       0022E0
__end_of_JTAG_SPI_Wait                    text12       002300
__end_of_Main_Task_Blaster                text5        00052A
__end_of_REV                              mediumconst  003F87
__end_of_SYS_InterruptHigh                intcode      000082
__end_of_TIMER0_Reach_10ms                text11       0022C6
__end_of_TIMER0_Start_10ms                text19       0022A6
__end_of_TXFIFO_Fill                      text10       0022EA
__end_of_TXFIFO_Init                      text46       0022B8
__end_of_TXFIFO_Read                      text9        002032
__end_of_TXFIFO_Room                      text8        002278
__end_of_TXFIFO_Write                     text7        00225A
__end_of_Timer_Init                       text4        00223C
__end_of_USBCheckStdRequest               text33       001752
__end_of_USBCheckVendorRequest            text47       00230A
__end_of_USBConfigureEndpoint             text45       001DD8
__end_of_USBCtrlEPAllowDataStage          text32       001D44
__end_of_USBCtrlEPAllowStatusStage        text50       001B42
__end_of_USBCtrlEPService                 text29       001820
__end_of_USBCtrlEPServiceComplete         text31       001592
__end_of_USBCtrlTrfInHandler              text51       0019B6
__end_of_USBCtrlTrfOutHandler             text48       001F90
__end_of_USBCtrlTrfRxService              text49       0014A0
__end_of_USBCtrlTrfSetupHandler           text30       001E62
__end_of_USBCtrlTrfTxService              text52       001A7E
__end_of_USBDeviceAttach                  text3        002124
__end_of_USBDeviceInit                    text1        000FF2
__end_of_USBDeviceTasks                   text24       001268
__end_of_USBEnableEndpoint                text44       0020B4
__end_of_USBStallHandler                  text28       002078
__end_of_USBStdFeatureReqHandler          text38       000E9C
__end_of_USBStdGetDscHandler              text37       001388
__end_of_USBStdGetStatusHandler           text36       001CAA
__end_of_USBStdSetCfgHandler              text34       001676
__end_of_USBSuspend                       text27       0021D4
__end_of_USBTransferOnePacket             text6        0018EC
__end_of_USBWakeFromSuspend               text26       002180
__end_of_USB_CD_Ptr                       mediumconst  003F91
__end_of_USB_Ept_Init                     text42       001FEA
__end_of_USB_FT245_Emulation              text40       001ED4
__end_of_USB_SD_Ptr                       mediumconst  003F8F
__end_of_USER_USB_CALLBACK_EVENT_HANDLER  text39       001F34
__end_of__initialization                  cinit        0020E0
__end_of_bitrev                           text15       002290
__end_of_configDescriptor1                mediumconst  003FB1
__end_of_device_dsc                       mediumconst  003FDB
__end_of_main                             text0        00221E
__end_of_memset                           text2        002152
__end_of_sd000                            mediumconst  003FFF
__end_of_sd001                            mediumconst  003FFB
__end_of_sd002                            mediumconst  003FC9
__end_of_sd003                            mediumconst  003FED
__end_ofi2_EEPROM_Read                    text41       000C1A
__end_ofi2_JTAG_Mode_PORT                 text43       002308
__end_ofi2_USBDeviceInit                  text25       001132
__end_ofi2_memset                         text35       0021AC
__initialization                          cinit        0020B4
__mediumconst                             mediumconst  003E86
__pbssBANK0                               bssBANK0     000060
__pbssBANK1                               bssBANK1     000100
__pbssCOMRAM                              bssCOMRAM    000033
__pcinit                                  cinit        0020B4
__pcstackBANK0                            cstackBANK0  000089
__pcstackCOMRAM                           cstackCOMRAM 000001
__pintcode                                intcode      000008
__pmediumconst                            mediumconst  003E86
__pnvBANK0                                nvBANK0      00009A
__ptext0                                  text0        0021FA
__ptext1                                  text1        000E9C
__ptext10                                 text10       0022E0
__ptext11                                 text11       0022B8
__ptext12                                 text12       0022FA
__ptext13                                 text13       0022D4
__ptext14                                 text14       0022EA
__ptext15                                 text15       002278
__ptext16                                 text16       0022F2
__ptext17                                 text17       002300
__ptext18                                 text18       0022C6
__ptext19                                 text19       002290
__ptext2                                  text2        002124
__ptext20                                 text20       0021D4
__ptext21                                 text21       001B42
__ptext22                                 text22       00052A
__ptext24                                 text24       001132
__ptext25                                 text25       000FF2
__ptext26                                 text26       002152
__ptext27                                 text27       0021AC
__ptext28                                 text28       002032
__ptext29                                 text29       001752
__ptext3                                  text3        0020EE
__ptext30                                 text30       001DD8
__ptext31                                 text31       0014A0
__ptext32                                 text32       001CAA
__ptext33                                 text33       001676
__ptext34                                 text34       001592
__ptext35                                 text35       002180
__ptext36                                 text36       001C00
__ptext37                                 text37       001268
__ptext38                                 text38       000C1A
__ptext39                                 text39       001ED4
__ptext4                                  text4        00221E
__ptext40                                 text40       001E62
__ptext41                                 text41       0008B0
__ptext42                                 text42       001F90
__ptext43                                 text43       002304
__ptext44                                 text44       002078
__ptext45                                 text45       001D44
__ptext46                                 text46       0022A6
__ptext47                                 text47       002308
__ptext48                                 text48       001F34
__ptext49                                 text49       001388
__ptext5                                  text5        000086
__ptext50                                 text50       001A7E
__ptext51                                 text51       0018EC
__ptext52                                 text52       0019B6
__ptext6                                  text6        001820
__ptext7                                  text7        00223C
__ptext8                                  text8        00225A
__ptext9                                  text9        001FEA
__ramtop                                  ramtop       000300
__size_of_Blaster_Init                    (abs)        000000
__size_of_EEPROM_Checksum                 (abs)        000000
__size_of_EEPROM_Read                     (abs)        000000
__size_of_JTAG_Init                       (abs)        000000
__size_of_JTAG_Mode_PORT                  (abs)        000000
__size_of_JTAG_Mode_SPI                   (abs)        000000
__size_of_JTAG_SPI_Get                    (abs)        000000
__size_of_JTAG_SPI_Put                    (abs)        000000
__size_of_JTAG_SPI_Wait                   (abs)        000000
__size_of_Main_Task_Blaster               (abs)        000000
__size_of_SYS_InterruptHigh               (abs)        000000
__size_of_TIMER0_Reach_10ms               (abs)        000000
__size_of_TIMER0_Start_10ms               (abs)        000000
__size_of_TXFIFO_Fill                     (abs)        000000
__size_of_TXFIFO_Init                     (abs)        000000
__size_of_TXFIFO_Read                     (abs)        000000
__size_of_TXFIFO_Room                     (abs)        000000
__size_of_TXFIFO_Write                    (abs)        000000
__size_of_Timer_Init                      (abs)        000000
__size_of_USBCheckStdRequest              (abs)        000000
__size_of_USBCheckVendorRequest           (abs)        000000
__size_of_USBConfigureEndpoint            (abs)        000000
__size_of_USBCtrlEPAllowDataStage         (abs)        000000
__size_of_USBCtrlEPAllowStatusStage       (abs)        000000
__size_of_USBCtrlEPService                (abs)        000000
__size_of_USBCtrlEPServiceComplete        (abs)        000000
__size_of_USBCtrlTrfInHandler             (abs)        000000
__size_of_USBCtrlTrfOutHandler            (abs)        000000
__size_of_USBCtrlTrfRxService             (abs)        000000
__size_of_USBCtrlTrfSetupHandler          (abs)        000000
__size_of_USBCtrlTrfTxService             (abs)        000000
__size_of_USBDeviceAttach                 (abs)        000000
__size_of_USBDeviceInit                   (abs)        000000
__size_of_USBDeviceTasks                  (abs)        000000
__size_of_USBEnableEndpoint               (abs)        000000
__size_of_USBStallHandler                 (abs)        000000
__size_of_USBStdFeatureReqHandler         (abs)        000000
__size_of_USBStdGetDscHandler             (abs)        000000
__size_of_USBStdGetStatusHandler          (abs)        000000
__size_of_USBStdSetCfgHandler             (abs)        000000
__size_of_USBSuspend                      (abs)        000000
__size_of_USBTransferOnePacket            (abs)        000000
__size_of_USBWakeFromSuspend              (abs)        000000
__size_of_USB_Ept_Init                    (abs)        000000
__size_of_USB_FT245_Emulation             (abs)        000000
__size_of_USER_USB_CALLBACK_EVENT_HANDLER (abs)        000000
__size_of_bitrev                          (abs)        000000
__size_of_main                            (abs)        000000
__size_of_memset                          (abs)        000000
__size_ofi2_EEPROM_Read                   (abs)        000000
__size_ofi2_JTAG_Mode_PORT                (abs)        000000
__size_ofi2_USBDeviceInit                 (abs)        000000
__size_ofi2_memset                        (abs)        000000
__smallconst                              smallconst   000000
_bitrev                                   text15       002278
_configDescriptor1                        mediumconst  003F91
_controlTransferState                     bssCOMRAM    00004C
_device_dsc                               mediumconst  003FC9
_eeprom_checksum                          nvBANK0      00009A
_endpoint_number                          bssCOMRAM    00004D
_ep_data_in                               bssBANK0     000074
_ep_data_out                              bssBANK0     000077
_inPipes                                  bssCOMRAM    000033
_main                                     text0        0021FA
_memset                                   text2        002124
_nCS                                      bssBANK0     000088
_outPipes                                 bssBANK0     000060
_pBDTEntryEP0OutCurrent                   bssCOMRAM    00003B
_pBDTEntryEP0OutNext                      bssCOMRAM    00003D
_pBDTEntryIn                              bssBANK0     000068
_pBDTEntryOut                             bssBANK0     00006E
_pDst                                     bssCOMRAM    00003F
_sd000                                    mediumconst  003FFB
_sd001                                    mediumconst  003FED
_sd002                                    mediumconst  003FB1
_sd003                                    mediumconst  003FDB
_shortPacketStatus                        bssCOMRAM    00004E
bitrev@byte                               cstackCOMRAM 00002D
btemp                                     temp         000052
end_of_initialization                     cinit        0020E0
i2EEPROM_Read@addr                        cstackCOMRAM 000008
i2EEPROM_Read@data                        cstackCOMRAM 000007
i2USBDeviceInit@i                         cstackCOMRAM 000009
i2_EEPROM_Read                            text41       0008B0
i2_JTAG_Mode_PORT                         text43       002304
i2_USBDeviceInit                          text25       000FF2
i2_memset                                 text35       002180
i2memset@c                                cstackCOMRAM 000003
i2memset@n                                cstackCOMRAM 000005
i2memset@p                                cstackCOMRAM 000007
i2memset@p1                               cstackCOMRAM 000001
int$flags                                 temp         000052
intlevel0                                 text         000000
intlevel1                                 text         000000
intlevel2                                 text         000000
intlevel3                                 text         000000
memset@c                                  cstackCOMRAM 00002F
memset@n                                  cstackCOMRAM 000031
memset@p                                  cstackBANK0  000089
memset@p1                                 cstackCOMRAM 00002D
stackhi                                   (abs)        0000FF
stacklo                                   (abs)        00009C
start                                     init         000082
start_initialization                      cinit        0020B4


FUNCTION INFORMATION:

 *************** function _main *****************
 Defined at:
		line 101 in file "../src/main.c"
 Parameters:    Size  Location     Type
		None
 Auto vars:     Size  Location     Type
		None
 Return value:  Size  Location     Type
                  1    wreg      void 
 Registers used:
		wreg, fsr1l, fsr1h, fsr2l, fsr2h, status,2, status,0, tblptrl, tblptrh, tblptru, prodl, prodh, cstack
 Tracked objects:
		On entry : 
		On exit  : 
		Unchanged: 
 Data sizes:     COMRAM   BANK0   BANK1
      Params:         0       0       0
      Locals:         0       0       0
      Temps:          0       0       0
      Totals:         0       0       0
Total ram usage:        0 bytes
 Hardware stack levels required when called:   13
 This function calls:
		_Blaster_Init
		_Main_Task_Blaster
		_Timer_Init
		_USBDeviceAttach
		_USBDeviceInit
 This function is called by:
		Startup code after reset
 This function uses a non-reentrant model


 *************** function _USBDeviceInit *****************
 Defined at:
		line 298 in file "../../mla/framework/usb/src/usb_device.c"
 Parameters:    Size  Location     Type
		None
 Auto vars:     Size  Location     Type
  i               1    2[BANK0 ] unsigned char 
 Return value:  Size  Location     Type
                  1    wreg      void 
 Registers used:
		wreg, fsr2l, fsr2h, status,2, status,0, prodl, prodh, cstack
 Tracked objects:
		On entry : 
		On exit  : 
		Unchanged: 
 Data sizes:     COMRAM   BANK0   BANK1
      Params:         0       0       0
      Locals:         0       1       0
      Temps:          0       0       0
      Totals:         0       1       0
Total ram usage:        1 bytes
 Hardware stack levels used:    1
 Hardware stack levels required when called:   11
 This function calls:
		_memset
 This function is called by:
		_main
 This function uses a non-reentrant model


 *************** function _memset *****************
 Defined at:
		line 8 in file "/Applications/microchip/xc8/v1.38/sources/common/memset.c"
 Parameters:    Size  Location     Type
  p1              2   44[COMRAM] PTR void 
		 -> USBAlternateInterface(1), BDT(48), UEP1(1), 
  c               2   46[COMRAM] int 
  n               2   48[COMRAM] unsigned int 
 Auto vars:     Size  Location     Type
  p               2    0[BANK0 ] PTR unsigned char 
		 -> USBAlternateInterface(1), BDT(48), UEP1(1), 
 Return value:  Size  Location     Type
                  2   44[COMRAM] PTR void 
 Registers used:
		wreg, fsr2l, fsr2h, status,2, status,0
 Tracked objects:
		On entry : 
		On exit  : 
		Unchanged: 
 Data sizes:     COMRAM   BANK0   BANK1
      Params:         6       0       0
      Locals:         0       2       0
      Temps:          0       0       0
      Totals:         6       2       0
Total ram usage:        8 bytes
 Hardware stack levels used:    1
 Hardware stack levels required when called:   10
 This function calls:
		Nothing
 This function is called by:
		_USBDeviceInit
 This function uses a non-reentrant model


 *************** function _USBDeviceAttach *****************
 Defined at:
		line 1352 in file "../../mla/framework/usb/src/usb_device.c"
 Parameters:    Size  Location     Type
		None
 Auto vars:     Size  Location     Type
		None
 Return value:  Size  Location     Type
                  1    wreg      void 
 Registers used:
		wreg, status,2
 Tracked objects:
		On entry : 
		On exit  : 
		Unchanged: 
 Data sizes:     COMRAM   BANK0   BANK1
      Params:         0       0       0
      Locals:         0       0       0
      Temps:          0       0       0
      Totals:         0       0       0
Total ram usage:        0 bytes
 Hardware stack levels used:    1
 Hardware stack levels required when called:   10
 This function calls:
		Nothing
 This function is called by:
		_main
 This function uses a non-reentrant model


 *************** function _Timer_Init *****************
 Defined at:
		line 17 in file "../src/timer.c"
 Parameters:    Size  Location     Type
		None
 Auto vars:     Size  Location     Type
		None
 Return value:  Size  Location     Type
                  1    wreg      void 
 Registers used:
		wreg, status,2
 Tracked objects:
		On entry : 
		On exit  : 
		Unchanged: 
 Data sizes:     COMRAM   BANK0   BANK1
      Params:         0       0       0
      Locals:         0       0       0
      Temps:          0       0       0
      Totals:         0       0       0
Total ram usage:        0 bytes
 Hardware stack levels used:    1
 Hardware stack levels required when called:   10
 This function calls:
		Nothing
 This function is called by:
		_main
 This function uses a non-reentrant model


 *************** function _Main_Task_Blaster *****************
 Defined at:
		line 374 in file "../src/blaster.c"
 Parameters:    Size  Location     Type
		None
 Auto vars:     Size  Location     Type
  tx              1   13[BANK0 ] unsigned char 
  opcode          1   16[BANK0 ] unsigned char 
  txsize          1   14[BANK0 ] unsigned char 
  txfifo_size     1   15[BANK0 ] unsigned char 
 Return value:  Size  Location     Type
                  1    wreg      void 
 Registers used:
		wreg, fsr1l, fsr1h, fsr2l, fsr2h, status,2, status,0, tblptrl, tblptrh, tblptru, prodl, prodh, cstack
 Tracked objects:
		On entry : 
		On exit  : 
		Unchanged: 
 Data sizes:     COMRAM   BANK0   BANK1
      Params:         0       0       0
      Locals:         0      12       0
      Temps:          0       2       0
      Totals:         0      14       0
Total ram usage:       14 bytes
 Hardware stack levels used:    1
 Hardware stack levels required when called:   12
 This function calls:
		_JTAG_Mode_PORT
		_JTAG_Mode_SPI
		_JTAG_SPI_Get
		_JTAG_SPI_Put
		_JTAG_SPI_Wait
		_TIMER0_Reach_10ms
		_TIMER0_Start_10ms
		_TXFIFO_Fill
		_TXFIFO_Read
		_TXFIFO_Room
		_TXFIFO_Write
		_USBTransferOnePacket
 This function is called by:
		_main
 This function uses a non-reentrant model


 *************** function _USBTransferOnePacket *****************
 Defined at:
		line 995 in file "../../mla/framework/usb/src/usb_device.c"
 Parameters:    Size  Location     Type
  ep              1    wreg     unsigned char 
  dir             1   44[COMRAM] unsigned char 
  data            2   45[COMRAM] PTR unsigned char 
		 -> USB_InPacket(64), USB_OutPacket(128), 
  len             1   47[COMRAM] unsigned char 
 Auto vars:     Size  Location     Type
  ep              1    0[BANK0 ] unsigned char 
  handle          2    1[BANK0 ] PTR volatile struct __BD
		 -> BDT(48), NULL(0), 
 Return value:  Size  Location     Type
                  2   44[COMRAM] PTR void 
 Registers used:
		wreg, fsr2l, fsr2h, status,2, status,0, prodl, prodh
 Tracked objects:
		On entry : 
		On exit  : 
		Unchanged: 
 Data sizes:     COMRAM   BANK0   BANK1
      Params:         4       0       0
      Locals:         0       3       0
      Temps:          0       0       0
      Totals:         4       3       0
Total ram usage:        7 bytes
 Hardware stack levels used:    1
 Hardware stack levels required when called:   10
 This function calls:
		Nothing
 This function is called by:
		_Main_Task_Blaster
 This function uses a non-reentrant model


 *************** function _TXFIFO_Write *****************
 Defined at:
		line 307 in file "../src/blaster.c"
 Parameters:    Size  Location     Type
  data            1    wreg     unsigned char 
 Auto vars:     Size  Location     Type
  data            1   44[COMRAM] unsigned char 
 Return value:  Size  Location     Type
                  1    wreg      void 
 Registers used:
		wreg, fsr2l, fsr2h, status,2, status,0, prodl, prodh
 Tracked objects:
		On entry : 
		On exit  : 
		Unchanged: 
 Data sizes:     COMRAM   BANK0   BANK1
      Params:         0       0       0
      Locals:         1       0       0
      Temps:          0       0       0
      Totals:         1       0       0
Total ram usage:        1 bytes
 Hardware stack levels used:    1
 Hardware stack levels required when called:   10
 This function calls:
		Nothing
 This function is called by:
		_Main_Task_Blaster
 This function uses a non-reentrant model


 *************** function _TXFIFO_Room *****************
 Defined at:
		line 337 in file "../src/blaster.c"
 Parameters:    Size  Location     Type
		None
 Auto vars:     Size  Location     Type
		None
 Return value:  Size  Location     Type
                  2   44[COMRAM] unsigned int 
 Registers used:
		wreg, status,2, status,0
 Tracked objects:
		On entry : 
		On exit  : 
		Unchanged: 
 Data sizes:     COMRAM   BANK0   BANK1
      Params:         2       0       0
      Locals:         0       0       0
      Temps:          2       0       0
      Totals:         4       0       0
Total ram usage:        4 bytes
 Hardware stack levels used:    1
 Hardware stack levels required when called:   10
 This function calls:
		Nothing
 This function is called by:
		_Main_Task_Blaster
 This function uses a non-reentrant model


 *************** function _TXFIFO_Read *****************
 Defined at:
		line 316 in file "../src/blaster.c"
 Parameters:    Size  Location     Type
  ptr             2   44[COMRAM] PTR unsigned char 
		 -> USB_InPacket(64), 
  size            1   46[COMRAM] unsigned char 
 Auto vars:     Size  Location     Type
		None
 Return value:  Size  Location     Type
                  1    wreg      void 
 Registers used:
		wreg, fsr1l, fsr1h, fsr2l, fsr2h, status,2, status,0, prodl, prodh
 Tracked objects:
		On entry : 
		On exit  : 
		Unchanged: 
 Data sizes:     COMRAM   BANK0   BANK1
      Params:         3       0       0
      Locals:         0       0       0
      Temps:          2       0       0
      Totals:         5       0       0
Total ram usage:        5 bytes
 Hardware stack levels used:    1
 Hardware stack levels required when called:   10
 This function calls:
		Nothing
 This function is called by:
		_Main_Task_Blaster
 This function uses a non-reentrant model


 *************** function _TXFIFO_Fill *****************
 Defined at:
		line 329 in file "../src/blaster.c"
 Parameters:    Size  Location     Type
		None
 Auto vars:     Size  Location     Type
		None
 Return value:  Size  Location     Type
                  2   44[COMRAM] unsigned int 
 Registers used:
		None
 Tracked objects:
		On entry : 
		On exit  : 
		Unchanged: 
 Data sizes:     COMRAM   BANK0   BANK1
      Params:         2       0       0
      Locals:         0       0       0
      Temps:          0       0       0
      Totals:         2       0       0
Total ram usage:        2 bytes
 Hardware stack levels used:    1
 Hardware stack levels required when called:   10
 This function calls:
		Nothing
 This function is called by:
		_Main_Task_Blaster
 This function uses a non-reentrant model


 *************** function _TIMER0_Reach_10ms *****************
 Defined at:
		line 363 in file "../src/blaster.c"
 Parameters:    Size  Location     Type
		None
 Auto vars:     Size  Location     Type
  flag            1   44[COMRAM] unsigned char 
 Return value:  Size  Location     Type
                  1    wreg      unsigned char 
 Registers used:
		wreg, status,2
 Tracked objects:
		On entry : 
		On exit  : 
		Unchanged: 
 Data sizes:     COMRAM   BANK0   BANK1
      Params:         0       0       0
      Locals:         1       0       0
      Temps:          0       0       0
      Totals:         1       0       0
Total ram usage:        1 bytes
 Hardware stack levels used:    1
 Hardware stack levels required when called:   10
 This function calls:
		Nothing
 This function is called by:
		_Main_Task_Blaster
 This function uses a non-reentrant model


 *************** function _JTAG_SPI_Wait *****************
 Defined at:
		line 70 in file "../src/jtag.c"
 Parameters:    Size  Location     Type
		None
 Auto vars:     Size  Location     Type
		None
 Return value:  Size  Location     Type
                  1    wreg      void 
 Registers used:
		None
 Tracked objects:
		On entry : 
		On exit  : 
		Unchanged: 
 Data sizes:     COMRAM   BANK0   BANK1
      Params:         0       0       0
      Locals:         0       0       0
      Temps:          0       0       0
      Totals:         0       0       0
Total ram usage:        0 bytes
 Hardware stack levels used:    1
 Hardware stack levels required when called:   10
 This function calls:
		Nothing
 This function is called by:
		_Main_Task_Blaster
 This function uses a non-reentrant model


 *************** function _JTAG_SPI_Put *****************
 Defined at:
		line 78 in file "../src/jtag.c"
 Parameters:    Size  Location     Type
  byte            1    wreg     unsigned char 
 Auto vars:     Size  Location     Type
  byte            1   45[COMRAM] unsigned char 
 Return value:  Size  Location     Type
                  1    wreg      void 
 Registers used:
		wreg, status,2, status,0, tblptrl, tblptrh, tblptru, prodl, prodh, cstack
 Tracked objects:
		On entry : 
		On exit  : 
		Unchanged: 
 Data sizes:     COMRAM   BANK0   BANK1
      Params:         0       0       0
      Locals:         1       0       0
      Temps:          0       0       0
      Totals:         1       0       0
Total ram usage:        1 bytes
 Hardware stack levels used:    1
 Hardware stack levels required when called:   11
 This function calls:
		_bitrev
 This function is called by:
		_Main_Task_Blaster
 This function uses a non-reentrant model


 *************** function _JTAG_SPI_Get *****************
 Defined at:
		line 86 in file "../src/jtag.c"
 Parameters:    Size  Location     Type
		None
 Auto vars:     Size  Location     Type
		None
 Return value:  Size  Location     Type
                  1    wreg      unsigned char 
 Registers used:
		wreg, status,2, status,0, tblptrl, tblptrh, tblptru, prodl, prodh, cstack
 Tracked objects:
		On entry : 
		On exit  : 
		Unchanged: 
 Data sizes:     COMRAM   BANK0   BANK1
      Params:         0       0       0
      Locals:         0       0       0
      Temps:          0       0       0
      Totals:         0       0       0
Total ram usage:        0 bytes
 Hardware stack levels used:    1
 Hardware stack levels required when called:   11
 This function calls:
		_bitrev
 This function is called by:
		_Main_Task_Blaster
 This function uses a non-reentrant model


 *************** function _bitrev *****************
 Defined at:
		line 130 in file "../src/jtag.c"
 Parameters:    Size  Location     Type
  byte            1    wreg     unsigned char 
 Auto vars:     Size  Location     Type
  byte            1   44[COMRAM] unsigned char 
 Return value:  Size  Location     Type
                  1    wreg      unsigned char 
 Registers used:
		wreg, status,2, status,0, tblptrl, tblptrh, tblptru, prodl, prodh
 Tracked objects:
		On entry : 
		On exit  : 
		Unchanged: 
 Data sizes:     COMRAM   BANK0   BANK1
      Params:         0       0       0
      Locals:         1       0       0
      Temps:          0       0       0
      Totals:         1       0       0
Total ram usage:        1 bytes
 Hardware stack levels used:    1
 Hardware stack levels required when called:   10
 This function calls:
		Nothing
 This function is called by:
		_JTAG_SPI_Put
		_JTAG_SPI_Get
 This function uses a non-reentrant model


 *************** function _JTAG_Mode_SPI *****************
 Defined at:
		line 52 in file "../src/jtag.c"
 Parameters:    Size  Location     Type
		None
 Auto vars:     Size  Location     Type
		None
 Return value:  Size  Location     Type
                  1    wreg      void 
 Registers used:
		None
 Tracked objects:
		On entry : 
		On exit  : 
		Unchanged: 
 Data sizes:     COMRAM   BANK0   BANK1
      Params:         0       0       0
      Locals:         0       0       0
      Temps:          0       0       0
      Totals:         0       0       0
Total ram usage:        0 bytes
 Hardware stack levels used:    1
 Hardware stack levels required when called:   10
 This function calls:
		Nothing
 This function is called by:
		_Main_Task_Blaster
 This function uses a non-reentrant model


 *************** function _JTAG_Mode_PORT *****************
 Defined at:
		line 62 in file "../src/jtag.c"
 Parameters:    Size  Location     Type
		None
 Auto vars:     Size  Location     Type
		None
 Return value:  Size  Location     Type
                  1    wreg      void 
 Registers used:
		None
 Tracked objects:
		On entry : 
		On exit  : 
		Unchanged: 
 Data sizes:     COMRAM   BANK0   BANK1
      Params:         0       0       0
      Locals:         0       0       0
      Temps:          0       0       0
      Totals:         0       0       0
Total ram usage:        0 bytes
 Hardware stack levels used:    1
 Hardware stack levels required when called:   10
 This function calls:
		Nothing
 This function is called by:
		_Main_Task_Blaster
 This function uses a non-reentrant model


 *************** function _Blaster_Init *****************
 Defined at:
		line 151 in file "../src/blaster.c"
 Parameters:    Size  Location     Type
		None
 Auto vars:     Size  Location     Type
		None
 Return value:  Size  Location     Type
                  1    wreg      void 
 Registers used:
		wreg, status,2, status,0, tblptrl, tblptrh, tblptru, cstack
 Tracked objects:
		On entry : 
		On exit  : 
		Unchanged: 
 Data sizes:     COMRAM   BANK0   BANK1
      Params:         0       0       0
      Locals:         0       0       0
      Temps:          0       0       0
      Totals:         0       0       0
Total ram usage:        0 bytes
 Hardware stack levels used:    1
 Hardware stack levels required when called:   12
 This function calls:
		_EEPROM_Checksum
		_JTAG_Init
		_TIMER0_Start_10ms
 This function is called by:
		_main
 This function uses a non-reentrant model


 *************** function _TIMER0_Start_10ms *****************
 Defined at:
		line 345 in file "../src/blaster.c"
 Parameters:    Size  Location     Type
		None
 Auto vars:     Size  Location     Type
		None
 Return value:  Size  Location     Type
                  1    wreg      void 
 Registers used:
		wreg, status,2
 Tracked objects:
		On entry : 
		On exit  : 
		Unchanged: 
 Data sizes:     COMRAM   BANK0   BANK1
      Params:         0       0       0
      Locals:         0       0       0
      Temps:          0       0       0
      Totals:         0       0       0
Total ram usage:        0 bytes
 Hardware stack levels used:    1
 Hardware stack levels required when called:   10
 This function calls:
		Nothing
 This function is called by:
		_Blaster_Init
		_Main_Task_Blaster
 This function uses a non-reentrant model


 *************** function _JTAG_Init *****************
 Defined at:
		line 17 in file "../src/jtag.c"
 Parameters:    Size  Location     Type
		None
 Auto vars:     Size  Location     Type
		None
 Return value:  Size  Location     Type
                  1    wreg      void 
 Registers used:
		wreg, status,2
 Tracked objects:
		On entry : 
		On exit  : 
		Unchanged: 
 Data sizes:     COMRAM   BANK0   BANK1
      Params:         0       0       0
      Locals:         0       0       0
      Temps:          0       0       0
      Totals:         0       0       0
Total ram usage:        0 bytes
 Hardware stack levels used:    1
 Hardware stack levels required when called:   10
 This function calls:
		Nothing
 This function is called by:
		_Blaster_Init
 This function uses a non-reentrant model


 *************** function _EEPROM_Checksum *****************
 Defined at:
		line 278 in file "../src/blaster.c"
 Parameters:    Size  Location     Type
		None
 Auto vars:     Size  Location     Type
  eeprom_data     2    7[BANK0 ] unsigned int 
  i               1    9[BANK0 ] unsigned char 
 Return value:  Size  Location     Type
                  1    wreg      void 
 Registers used:
		wreg, status,2, status,0, tblptrl, tblptrh, tblptru, cstack
 Tracked objects:
		On entry : 
		On exit  : 
		Unchanged: 
 Data sizes:     COMRAM   BANK0   BANK1
      Params:         0       0       0
      Locals:         0       3       0
      Temps:          0       5       0
      Totals:         0       8       0
Total ram usage:        8 bytes
 Hardware stack levels used:    1
 Hardware stack levels required when called:   11
 This function calls:
		_EEPROM_Read
 This function is called by:
		_Blaster_Init
 This function uses a non-reentrant model


 *************** function _EEPROM_Read *****************
 Defined at:
		line 228 in file "../src/blaster.c"
 Parameters:    Size  Location     Type
  addr            1    wreg     unsigned char 
 Auto vars:     Size  Location     Type
  addr            1    1[BANK0 ] unsigned char 
  data            1    0[BANK0 ] unsigned char 
 Return value:  Size  Location     Type
                  1    wreg      unsigned char 
 Registers used:
		wreg, status,2, status,0, tblptrl, tblptrh, tblptru
 Tracked objects:
		On entry : 
		On exit  : 
		Unchanged: 
 Data sizes:     COMRAM   BANK0   BANK1
      Params:         0       0       0
      Locals:         0       2       0
      Temps:          6       0       0
      Totals:         6       2       0
Total ram usage:        8 bytes
 Hardware stack levels used:    1
 Hardware stack levels required when called:   10
 This function calls:
		Nothing
 This function is called by:
		_EEPROM_Checksum
 This function uses a non-reentrant model


 *************** function _SYS_InterruptHigh *****************
 Defined at:
		line 50 in file "../src/system.c"
 Parameters:    Size  Location     Type
		None
 Auto vars:     Size  Location     Type
		None
 Return value:  Size  Location     Type
                  1    wreg      void 
 Registers used:
		wreg, fsr1l, fsr1h, fsr2l, fsr2h, status,2, status,0, tblptrl, tblptrh, tblptru, prodl, prodh, cstack
 Tracked objects:
		On entry : 
		On exit  : 
		Unchanged: 
 Data sizes:     COMRAM   BANK0   BANK1
      Params:         0       0       0
      Locals:         0       0       0
      Temps:         14       0       0
      Totals:        14       0       0
Total ram usage:       14 bytes
 Hardware stack levels used:    1
 Hardware stack levels required when called:    9
 This function calls:
		_USBDeviceTasks
 This function is called by:
		Interrupt level 2
 This function uses a non-reentrant model


 *************** function _USBDeviceTasks *****************
 Defined at:
		line 489 in file "../../mla/framework/usb/src/usb_device.c"
 Parameters:    Size  Location     Type
		None
 Auto vars:     Size  Location     Type
  i               1   29[COMRAM] unsigned char 
 Return value:  Size  Location     Type
                  1    wreg      void 
 Registers used:
		wreg, fsr1l, fsr1h, fsr2l, fsr2h, status,2, status,0, tblptrl, tblptrh, tblptru, prodl, prodh, cstack
 Tracked objects:
		On entry : 
		On exit  : 
		Unchanged: 
 Data sizes:     COMRAM   BANK0   BANK1
      Params:         0       0       0
      Locals:         1       0       0
      Temps:          0       0       0
      Totals:         1       0       0
Total ram usage:        1 bytes
 Hardware stack levels used:    1
 Hardware stack levels required when called:    8
 This function calls:
		_USBCtrlEPAllowStatusStage
		_USBCtrlEPService
		_USBStallHandler
		_USBSuspend
		_USBWakeFromSuspend
		_USER_USB_CALLBACK_EVENT_HANDLER
		i2_USBDeviceInit
 This function is called by:
		_SYS_InterruptHigh
 This function uses a non-reentrant model


 *************** function i2_USBDeviceInit *****************
[...]
 Parameters:    Size  Location     Type
		None
 Auto vars:     Size  Location     Type
  p               2    1[COMRAM] PTR struct __BDT
		 -> BDT(48), NULL(0), 
 Return value:  Size  Location     Type
                  1    wreg      void 
 Registers used:
		wreg, fsr2l, fsr2h, status,2, status,0, prodl, prodh
 Tracked objects:
		On entry : 
		On exit  : 
		Unchanged: 
 Data sizes:     COMRAM   BANK0   BANK1
      Params:         0       0       0
      Locals:         2       0       0
      Temps:          1       0       0
      Totals:         3       0       0
Total ram usage:        3 bytes
 Hardware stack levels used:    1
 This function calls:
		Nothing
 This function is called by:
		_USBCheckStdRequest
 This function uses a non-reentrant model


 *************** function _USBStdGetDscHandler *****************
 Defined at:
		line 2043 in file "../../mla/framework/usb/src/usb_device.c"
 Parameters:    Size  Location     Type
		None
 Auto vars:     Size  Location     Type
		None
 Return value:  Size  Location     Type
                  1    wreg      void 
 Registers used:
		wreg, fsr1l, fsr1h, status,2, status,0, tblptrl, tblptrh, tblptru, prodl, prodh
 Tracked objects:
		On entry : 
		On exit  : 
		Unchanged: 
 Data sizes:     COMRAM   BANK0   BANK1
      Params:         0       0       0
      Locals:         0       0       0
      Temps:          2       0       0
      Totals:         2       0       0
Total ram usage:        2 bytes
 Hardware stack levels used:    1
 This function calls:
		Nothing
 This function is called by:
		_USBCheckStdRequest
 This function uses a non-reentrant model


 *************** function _USBStdFeatureReqHandler *****************
 Defined at:
		line 2757 in file "../../mla/framework/usb/src/usb_device.c"
 Parameters:    Size  Location     Type
		None
 Auto vars:     Size  Location     Type
  p               2   24[COMRAM] PTR struct __BDT
		 -> BDT(48), NULL(0), 
  pUEP            2   21[COMRAM] PTR unsigned char 
		 -> UEP0(1), 
  current_ep_d    1   23[COMRAM] struct .
 Return value:  Size  Location     Type
                  1    wreg      void 
 Registers used:
		wreg, fsr2l, fsr2h, status,2, status,0, tblptrl, tblptrh, tblptru, prodl, prodh, cstack
 Tracked objects:
		On entry : 
		On exit  : 
		Unchanged: 
 Data sizes:     COMRAM   BANK0   BANK1
      Params:         0       0       0
      Locals:         5       0       0
      Temps:          1       0       0
      Totals:         6       0       0
Total ram usage:        6 bytes
 Hardware stack levels used:    1
 Hardware stack levels required when called:    4
 This function calls:
		_USER_USB_CALLBACK_EVENT_HANDLER
 This function is called by:
		_USBCheckStdRequest
 This function uses a non-reentrant model


 *************** function _USER_USB_CALLBACK_EVENT_HANDLER *****************
 Defined at:
		line 164 in file "../src/main.c"
 Parameters:    Size  Location     Type
  event           2   12[COMRAM] enum E3638
  pdata           2   14[COMRAM] PTR void 
		 -> USTATcopy(1), USBActiveConfiguration(1), BDT(48), NULL(0), 
  size            2   16[COMRAM] unsigned int 
 Auto vars:     Size  Location     Type
		None
 Return value:  Size  Location     Type
                  1    wreg      unsigned char 
 Registers used:
		wreg, fsr2l, fsr2h, status,2, status,0, tblptrl, tblptrh, tblptru, prodl, prodh, cstack
 Tracked objects:
		On entry : 
		On exit  : 
		Unchanged: 
 Data sizes:     COMRAM   BANK0   BANK1
      Params:         6       0       0
      Locals:         0       0       0
      Temps:          2       0       0
      Totals:         8       0       0
Total ram usage:        8 bytes
 Hardware stack levels used:    1
 Hardware stack levels required when called:    3
 This function calls:
		_USBCheckVendorRequest
		_USB_Ept_Init
		_USB_FT245_Emulation
 This function is called by:
		_USBDeviceTasks
		_USBStdSetCfgHandler
		_USBSuspend
		_USBWakeFromSuspend
		_USBCtrlTrfSetupHandler
		_USBCheckStdRequest
		_USBStdFeatureReqHandler
 This function uses a non-reentrant model


 *************** function _USB_FT245_Emulation *****************
 Defined at:
		line 197 in file "../src/blaster.c"
 Parameters:    Size  Location     Type
		None
 Auto vars:     Size  Location     Type
  addr            1    8[COMRAM] unsigned char 
 Return value:  Size  Location     Type
                  1    wreg      void 
 Registers used:
		wreg, status,2, status,0, tblptrl, tblptrh, tblptru, cstack
 Tracked objects:
		On entry : 
		On exit  : 
		Unchanged: 
 Data sizes:     COMRAM   BANK0   BANK1
      Params:         0       0       0
      Locals:         1       0       0
      Temps:          0       0       0
      Totals:         1       0       0
Total ram usage:        1 bytes
 Hardware stack levels used:    1
 Hardware stack levels required when called:    1
 This function calls:
		i2_EEPROM_Read
 This function is called by:
		_USER_USB_CALLBACK_EVENT_HANDLER
 This function uses a non-reentrant model


 *************** function i2_EEPROM_Read *****************
 Defined at:
		line 228 in file "../src/blaster.c"
 Parameters:    Size  Location     Type
  addr            1    wreg     unsigned char 
 Auto vars:     Size  Location     Type
  addr            1    7[COMRAM] unsigned char 
  EEPROM_Read     1    6[COMRAM] unsigned char 
 Return value:  Size  Location     Type
                  1    wreg      unsigned char 
 Registers used:
		wreg, status,2, status,0, tblptrl, tblptrh, tblptru
 Tracked objects:
		On entry : 
		On exit  : 
		Unchanged: 
 Data sizes:     COMRAM   BANK0   BANK1
      Params:         0       0       0
      Locals:         2       0       0
      Temps:          6       0       0
      Totals:         8       0       0
Total ram usage:        8 bytes
 Hardware stack levels used:    1
 This function calls:
		Nothing
 This function is called by:
		_USB_FT245_Emulation
 This function uses a non-reentrant model


 *************** function _USB_Ept_Init *****************
 Defined at:
		line 172 in file "../src/blaster.c"
 Parameters:    Size  Location     Type
		None
 Auto vars:     Size  Location     Type
		None
 Return value:  Size  Location     Type
                  1    wreg      void 
 Registers used:
		wreg, fsr2l, fsr2h, status,2, status,0, prodl, prodh, cstack
 Tracked objects:
		On entry : 
		On exit  : 
		Unchanged: 
 Data sizes:     COMRAM   BANK0   BANK1
      Params:         0       0       0
      Locals:         0       0       0
      Temps:          0       0       0
      Totals:         0       0       0
Total ram usage:        0 bytes
 Hardware stack levels used:    1
 Hardware stack levels required when called:    2
 This function calls:
		_TXFIFO_Init
		_USBEnableEndpoint
		i2_JTAG_Mode_PORT
 This function is called by:
		_USER_USB_CALLBACK_EVENT_HANDLER
 This function uses a non-reentrant model


 *************** function i2_JTAG_Mode_PORT *****************
 Defined at:
		line 62 in file "../src/jtag.c"
 Parameters:    Size  Location     Type
		None
 Auto vars:     Size  Location     Type
		None
 Return value:  Size  Location     Type
                  1    wreg      void 
 Registers used:
		None
 Tracked objects:
		On entry : 
		On exit  : 
		Unchanged: 
 Data sizes:     COMRAM   BANK0   BANK1
      Params:         0       0       0
      Locals:         0       0       0
      Temps:          0       0       0
      Totals:         0       0       0
Total ram usage:        0 bytes
 Hardware stack levels used:    1
 This function calls:
		Nothing
 This function is called by:
		_USB_Ept_Init
 This function uses a non-reentrant model


 *************** function _USBEnableEndpoint *****************
 Defined at:
		line 878 in file "../../mla/framework/usb/src/usb_device.c"
 Parameters:    Size  Location     Type
  ep              1    wreg     unsigned char 
  options         1    8[COMRAM] unsigned char 
 Auto vars:     Size  Location     Type
  ep              1   11[COMRAM] unsigned char 
  p               2    9[COMRAM] PTR unsigned char 
		 -> UEP0(1), 
 Return value:  Size  Location     Type
                  1    wreg      void 
 Registers used:
		wreg, fsr2l, fsr2h, status,2, status,0, prodl, prodh, cstack
 Tracked objects:
		On entry : 
		On exit  : 
		Unchanged: 
 Data sizes:     COMRAM   BANK0   BANK1
      Params:         1       0       0
      Locals:         3       0       0
      Temps:          0       0       0
      Totals:         4       0       0
Total ram usage:        4 bytes
 Hardware stack levels used:    1
 Hardware stack levels required when called:    1
 This function calls:
		_USBConfigureEndpoint
 This function is called by:
		_USB_Ept_Init
 This function uses a non-reentrant model


 *************** function _USBConfigureEndpoint *****************
 Defined at:
		line 1543 in file "../../mla/framework/usb/src/usb_device.c"
 Parameters:    Size  Location     Type
  EPNum           1    wreg     unsigned char 
  direction       1    0[COMRAM] unsigned char 
 Auto vars:     Size  Location     Type
  EPNum           1    5[COMRAM] unsigned char 
  handle          2    6[COMRAM] PTR volatile struct __BD
		 -> BDT(48), 
 Return value:  Size  Location     Type
                  1    wreg      void 
 Registers used:
		wreg, fsr2l, fsr2h, status,2, status,0, prodl, prodh
 Tracked objects:
		On entry : 
		On exit  : 
		Unchanged: 
 Data sizes:     COMRAM   BANK0   BANK1
      Params:         1       0       0
      Locals:         3       0       0
      Temps:          4       0       0
      Totals:         8       0       0
Total ram usage:        8 bytes
 Hardware stack levels used:    1
 This function calls:
		Nothing
 This function is called by:
		_USBEnableEndpoint
 This function uses a non-reentrant model


 *************** function _TXFIFO_Init *****************
 Defined at:
		line 297 in file "../src/blaster.c"
 Parameters:    Size  Location     Type
		None
 Auto vars:     Size  Location     Type
		None
 Return value:  Size  Location     Type
                  1    wreg      void 
 Registers used:
		wreg, status,2
 Tracked objects:
		On entry : 
		On exit  : 
		Unchanged: 
 Data sizes:     COMRAM   BANK0   BANK1
      Params:         0       0       0
      Locals:         0       0       0
      Temps:          0       0       0
      Totals:         0       0       0
Total ram usage:        0 bytes
 Hardware stack levels used:    1
 This function calls:
		Nothing
 This function is called by:
		_USB_Ept_Init
 This function uses a non-reentrant model


 *************** function _USBCheckVendorRequest *****************
 Defined at:
		line 247 in file "../../mla/framework/usb/src/usb_device_generic.c"
 Parameters:    Size  Location     Type
		None
 Auto vars:     Size  Location     Type
		None
 Return value:  Size  Location     Type
                  1    wreg      void 
 Registers used:
		None
 Tracked objects:
		On entry : 
		On exit  : 
		Unchanged: 
 Data sizes:     COMRAM   BANK0   BANK1
      Params:         0       0       0
      Locals:         0       0       0
      Temps:          0       0       0
      Totals:         0       0       0
Total ram usage:        0 bytes
 Hardware stack levels used:    1
 This function calls:
		Nothing
 This function is called by:
		_USER_USB_CALLBACK_EVENT_HANDLER
 This function uses a non-reentrant model


 *************** function _USBCtrlTrfOutHandler *****************
 Defined at:
		line 2541 in file "../../mla/framework/usb/src/usb_device.c"
 Parameters:    Size  Location     Type
		None
 Auto vars:     Size  Location     Type
		None
 Return value:  Size  Location     Type
                  1    wreg      void 
 Registers used:
		wreg, fsr1l, fsr1h, fsr2l, fsr2h, status,2, status,0, prodl, prodh, cstack
 Tracked objects:
		On entry : 
		On exit  : 
		Unchanged: 
 Data sizes:     COMRAM   BANK0   BANK1
      Params:         0       0       0
      Locals:         0       0       0
      Temps:          0       0       0
      Totals:         0       0       0
Total ram usage:        0 bytes
 Hardware stack levels used:    1
 Hardware stack levels required when called:    2
 This function calls:
		_USBCtrlTrfRxService
 This function is called by:
		_USBCtrlEPService
 This function uses a non-reentrant model


 *************** function _USBCtrlTrfRxService *****************
 Defined at:
		line 1852 in file "../../mla/framework/usb/src/usb_device.c"
 Parameters:    Size  Location     Type
		None
 Auto vars:     Size  Location     Type
  byteToRead      1    1[COMRAM] unsigned char 
  i               1    0[COMRAM] unsigned char 
 Return value:  Size  Location     Type
                  1    wreg      void 
 Registers used:
		wreg, fsr1l, fsr1h, fsr2l, fsr2h, status,2, status,0, prodl, prodh, cstack
 Tracked objects:
		On entry : 
		On exit  : 
		Unchanged: 
 Data sizes:     COMRAM   BANK0   BANK1
      Params:         0       0       0
      Locals:         2       0       0
      Temps:          0       0       0
      Totals:         2       0       0
Total ram usage:        2 bytes
 Hardware stack levels used:    1
 Hardware stack levels required when called:    1
 This function calls:
		_USBCtrlEPAllowStatusStage
 This function is called by:
		_USBCtrlTrfOutHandler
 This function uses a non-reentrant model


 *************** function _USBCtrlEPAllowStatusStage *****************
 Defined at:
		line 1416 in file "../../mla/framework/usb/src/usb_device.c"
 Parameters:    Size  Location     Type
		None
 Auto vars:     Size  Location     Type
		None
 Return value:  Size  Location     Type
                  1    wreg      void 
 Registers used:
		wreg, fsr2l, fsr2h, status,2, status,0
 Tracked objects:
		On entry : 
		On exit  : 
		Unchanged: 
 Data sizes:     COMRAM   BANK0   BANK1
      Params:         0       0       0
      Locals:         0       0       0
      Temps:          0       0       0
      Totals:         0       0       0
Total ram usage:        0 bytes
 Hardware stack levels used:    1
 This function calls:
		Nothing
 This function is called by:
		_USBDeviceTasks
		_USBCtrlEPServiceComplete
		_USBCtrlTrfRxService
 This function uses a non-reentrant model


 *************** function _USBCtrlTrfInHandler *****************
 Defined at:
		line 2595 in file "../../mla/framework/usb/src/usb_device.c"
 Parameters:    Size  Location     Type
		None
 Auto vars:     Size  Location     Type
  lastDTS         1    1[COMRAM] unsigned char 
 Return value:  Size  Location     Type
                  1    wreg      void 
 Registers used:
		wreg, fsr1l, fsr1h, fsr2l, fsr2h, status,2, status,0, tblptrl, tblptrh, tblptru, cstack
 Tracked objects:
		On entry : 
		On exit  : 
		Unchanged: 
 Data sizes:     COMRAM   BANK0   BANK1
      Params:         0       0       0
      Locals:         1       0       0
      Temps:          0       0       0
      Totals:         1       0       0
Total ram usage:        1 bytes
 Hardware stack levels used:    1
 Hardware stack levels required when called:    1
 This function calls:
		_USBCtrlTrfTxService
 This function is called by:
		_USBCtrlEPService
 This function uses a non-reentrant model


 *************** function _USBCtrlTrfTxService *****************
 Defined at:
		line 1771 in file "../../mla/framework/usb/src/usb_device.c"
 Parameters:    Size  Location     Type
		None
 Auto vars:     Size  Location     Type
  byteToSend      1    0[COMRAM] unsigned char 
 Return value:  Size  Location     Type
                  1    wreg      void 
 Registers used:
		wreg, fsr1l, fsr1h, fsr2l, fsr2h, status,2, status,0, tblptrl, tblptrh, tblptru
 Tracked objects:
		On entry : 
		On exit  : 
		Unchanged: 
 Data sizes:     COMRAM   BANK0   BANK1
      Params:         0       0       0
      Locals:         1       0       0
      Temps:          0       0       0
      Totals:         1       0       0
Total ram usage:        1 bytes
 Hardware stack levels used:    1
 This function calls:
		Nothing
 This function is called by:
		_USBCtrlEPAllowDataStage
		_USBCtrlTrfInHandler
 This function uses a non-reentrant model



MODULE INFORMATION

Module		Function		Class		Link	Load	Size
../../mla/framework/usb/src/usb_device_generic.c
		_USBCheckVendorRequest		CODE           	2308	0000	3

../../mla/framework/usb/src/usb_device_generic.c estimated size: 3

../../mla/framework/usb/src/usb_device.c
		_USBCtrlTrfInHandler		CODE           	18EC	0000	203
		_USBTransferOnePacket		CODE           	1820	0000	205
		_USBDeviceAttach		CODE           	20EE	0000	55
		_USBStdGetDscHandler		CODE           	1268	0000	289
		_USBCtrlEPAllowDataStage		CODE           	1CAA	0000	155
		_USBStdFeatureReqHandler		CODE           	0C1A	0000	643
		_USBCtrlEPAllowStatusStage		CODE           	1A7E	0000	197
		_USBCtrlTrfSetupHandler		CODE           	1DD8	0000	139
		_USBCtrlTrfOutHandler		CODE           	1F34	0000	93
		_USBCtrlEPServiceComplete		CODE           	14A0	0000	243
		_USBSuspend    		CODE           	21AC	0000	41
		_USBStdSetCfgHandler		CODE           	1592	0000	229
		_USBStdGetStatusHandler		CODE           	1C00	0000	171
		_USBWakeFromSuspend		CODE           	2152	0000	47
		_USBCtrlTrfRxService		CODE           	1388	0000	281
		_USBCtrlTrfTxService		CODE           	19B6	0000	201
		_USBEnableEndpoint		CODE           	2078	0000	61
		_USBConfigureEndpoint		CODE           	1D44	0000	149
		_USBDeviceInit 		CODE           	0E9C	0000	343
		_USBCtrlEPService		CODE           	1752	0000	207
		_USBStallHandler		CODE           	2032	0000	71
		_USBDeviceTasks		CODE           	1132	0000	311
		_USBCheckStdRequest		CODE           	1676	0000	221

../../mla/framework/usb/src/usb_device.c estimated size: 4555

../src/system.c
		_SYS_InterruptHigh		CODE           	0008	0000	123

../src/system.c estimated size: 123

../src/timer.c
		_Timer_Init    		CODE           	221E	0000	31

../src/timer.c estimated size: 31

shared
		_configDescriptor1		MEDIUMCONST    	3F91	0000	33
		i2_EEPROM_Read 		CODE           	08B0	0000	875
		_USB_CD_Ptr    		MEDIUMCONST    	3F8F	0000	3
		_sd001         		MEDIUMCONST    	3FED	0000	15
		_REV           		MEDIUMCONST    	3E87	0000	257
		_sd002         		MEDIUMCONST    	3FB1	0000	25
		i2_USBDeviceInit		CODE           	0FF2	0000	321
		_sd003         		MEDIUMCONST    	3FDB	0000	19
		__initialization		CODE           	20B4	0000	45
		_device_dsc    		MEDIUMCONST    	3FC9	0000	19
		_USB_SD_Ptr    		MEDIUMCONST    	3F87	0000	9
		i2_memset      		CODE           	2180	0000	45
		_sd000         		MEDIUMCONST    	3FFB	0000	5
		i2_JTAG_Mode_PORT		CODE           	2304	0000	5

shared estimated size: 1676

../src/jtag.c
		_bitrev        		CODE           	2278	0000	25
		_JTAG_SPI_Get  		CODE           	22EA	0000	9
		_JTAG_SPI_Put  		CODE           	22D4	0000	13
		_JTAG_SPI_Wait 		CODE           	22FA	0000	7
		_JTAG_Init     		CODE           	21D4	0000	39
		_JTAG_Mode_SPI 		CODE           	22F2	0000	9
		_JTAG_Mode_PORT		CODE           	2300	0000	5

../src/jtag.c estimated size: 107

/Applications/microchip/xc8/v1.38/sources/common/memset.c
		_memset        		CODE           	2124	0000	47

/Applications/microchip/xc8/v1.38/sources/common/memset.c estimated size: 47

../src/blaster.c
		_USB_Ept_Init  		CODE           	1F90	0000	91
		_EEPROM_Read   		CODE           	052A	0000	903
		_Main_Task_Blaster		CODE           	0086	0000	1189
		_Blaster_Init  		CODE           	22C6	0000	15
		_USB_FT245_Emulation		CODE           	1E62	0000	115
		_TXFIFO_Read   		CODE           	1FEA	0000	73
		_TXFIFO_Fill   		CODE           	22E0	0000	11
		_TXFIFO_Room   		CODE           	225A	0000	31
		_TXFIFO_Init   		CODE           	22A6	0000	19
		_TXFIFO_Write  		CODE           	223C	0000	31
		_EEPROM_Checksum		CODE           	1B42	0000	191
		_TIMER0_Reach_10ms		CODE           	22B8	0000	15
		_TIMER0_Start_10ms		CODE           	2290	0000	23

../src/blaster.c estimated size: 2707

../src/main.c
		_main          		CODE           	21FA	0000	37
		_USER_USB_CALLBACK_EVENT_HANDLER		CODE           	1ED4	0000	97

../src/main.c estimated size: 134

