------------------------------------------------------------
Timing Analyzer Summary
------------------------------------------------------------

Type  : Slow 1200mV 85C Model Setup 'CLK'
Slack : 7.048
TNS   : 0.000

Type  : Slow 1200mV 85C Model Hold 'CLK'
Slack : 0.366
TNS   : 0.000

Type  : Slow 1200mV 85C Model Recovery 'CLK'
Slack : 13.598
TNS   : 0.000

Type  : Slow 1200mV 85C Model Removal 'CLK'
Slack : 1.029
TNS   : 0.000

Type  : Slow 1200mV 85C Model Minimum Pulse Width 'CLK'
Slack : 8.705
TNS   : 0.000

Type  : Slow 1200mV 0C Model Setup 'CLK'
Slack : 7.590
TNS   : 0.000

Type  : Slow 1200mV 0C Model Hold 'CLK'
Slack : 0.327
TNS   : 0.000

Type  : Slow 1200mV 0C Model Recovery 'CLK'
Slack : 13.789
TNS   : 0.000

Type  : Slow 1200mV 0C Model Removal 'CLK'
Slack : 0.946
TNS   : 0.000

Type  : Slow 1200mV 0C Model Minimum Pulse Width 'CLK'
Slack : 8.700
TNS   : 0.000

Type  : Fast 1200mV 0C Model Setup 'CLK'
Slack : 10.422
TNS   : 0.000

Type  : Fast 1200mV 0C Model Hold 'CLK'
Slack : 0.154
TNS   : 0.000

Type  : Fast 1200mV 0C Model Recovery 'CLK'
Slack : 16.136
TNS   : 0.000

Type  : Fast 1200mV 0C Model Removal 'CLK'
Slack : 0.424
TNS   : 0.000

Type  : Fast 1200mV 0C Model Minimum Pulse Width 'CLK'
Slack : 8.741
TNS   : 0.000

------------------------------------------------------------
