Microchip MPLAB XC8 Compiler V1.33 ()

Linker command line:

--edf=/Applications/microchip/xc8/v1.33/dat/en_msgs.txt -cs \
  -h+dist/LPCUSBDK_18F14K50/production/MPLAB.X.production.sym \
  --cmf=dist/LPCUSBDK_18F14K50/production/MPLAB.X.production.cmf -z \
  -Q18F14K50 -o/tmp/cgtmVMrmy \
  -Mdist/LPCUSBDK_18F14K50/production/MPLAB.X.production.map -E1 -ver=XC8 \
  -ASTACK=08Bh-01ffh -pstack=STACK -ACODE=00h-03FFFh -ACONST=00h-03FFFh \
  -ASMALLCONST=0300h-03FFhx61 -AMEDIUMCONST=0300h-03FFFh -ACOMRAM=01h-05Fh \
  -AABS1=00h-02FFh -ABIGRAM=01h-02FFh -ARAM=060h-0FFh,0100h-01FFhx2 \
  -ABANK0=060h-0FFh -ABANK1=0100h-01FFh -ABANK2=0200h-02FFh \
  -ASFR=0F53h-0F5Fh,0F60h-0FFFh \
  -preset_vec=00h,intcode=08h,intcodelo,powerup,init,end_init \
  -pramtop=0300h -psmallconst=SMALLCONST -pmediumconst=MEDIUMCONST \
  -pconst=CONST -AFARRAM=00h-00h -ACONFIG=0300000h-030000Dh -pconfig=CONFIG \
  -AIDLOC=0200000h-0200007h -pidloc=IDLOC -AEEDATA=0F00000h-0F000FFh \
  -peeprom_data=EEDATA \
  -prdata=COMRAM,nvrram=COMRAM,nvbit=COMRAM,rbss=COMRAM,rbit=COMRAM \
  -pfarbss=FARRAM,fardata=FARRAM,nvFARRAM=FARRAM \
  -pintsave_regs=BIGRAM,bigbss=BIGRAM,bigdata=BIGRAM -pbss=RAM \
  -pidata=CODE,irdata=CODE,ibigdata=CODE,ifardata=CODE /tmp/cgtT7k6ET.obj \
  dist/LPCUSBDK_18F14K50/production/MPLAB.X.production.obj 

Object code version is 3.11

Machine type is 18F14K50

Call graph: (short form)




                Name                               Link     Load   Length Selector   Space Scale
/tmp/cgtT7k6ET.obj
                end_init                             7E       7E        4        4       0
                reset_vec                             0        0        4        0       0
                idloc                            200000   200000        8   200000       0
                config                           300000   300000        E   300000       0
dist/LPCUSBDK_18F14K50/production/MPLAB.X.production.obj
                intcode                               8        8       76        4       0
                mediumconst                        3E84     3E84      17C     1F42       0
                text40                              F14      F14       E0        4       0
                text39                             1268     1268       CA        4       0
                text38                             13F8     13F8       C4        4       0
                text37                              A18      A18      11C        4       0
                text36                             1780     1780       5A        4       0
                text35                             155E     155E       9E        4       0
                text34                             17DA     17DA       48        4       0
                text33                             119E     119E       CA        4       0
                text32                             1822     1822       46        4       0
                text31                             198C     198C       36        4       0
                text30                             1956     1956       36        4       0
                text29                             168E     168E       80        4       0
                text28                             10CE     10CE       D0        4       0
                text27                             170E     170E       72        4       0
                text26                               82       82      2BA        4       0
                text25                              33C      33C      194        4       0
                text24                             1332     1332       C6        4       0
                text23                             1A52     1A52       2C        4       0
                text22                              C32      C32       FA        4       0
                text21                              B34      B34       FE        4       0
                text20                             14BC     14BC       A2        4       0
                text19                              E24      E24       F0        4       0
                text18                             15FC     15FC       92        4       0
                text17                              FF4      FF4       DA        4       0
                text16                             1868     1868       42        4       0
                text15                             1AA8     1AA8       28        4       0
                text14                             1A24     1A24       2E        4       0
                text13                              650      650      15E        4       0
                text12                              7AE      7AE      13C        4       0
                text10                             1A7E     1A7E       2A        4       0
                text9                              18E4     18E4       3A        4       0
                text8                               D2C      D2C       F8        4       0
                text7                               8EA      8EA      12E        4       0
                text6                              1B12     1B12       12        4       0
                text5                              18AA     18AA       3A        4       0
                text4                              19F6     19F6       2E        4       0
                text3                              19C2     19C2       34        4       0
                text2                              191E     191E       38        4       0
                text1                               4D0      4D0      180        4       0
                text0                              1AF2     1AF2       20        4       0
                cstackCOMRAM                          1        1       32        1       1
                cstackBANK0                          7F       7F        C       60       1
                bssBANK0                             60       60       1F       60       1
                bssCOMRAM                            33       33       17        1       1
                cinit                              1AD0     1AD0       22        4       0

TOTAL           Name                               Link     Load   Length     Space
        CLASS   STACK          

        CLASS   CODE           
                end_init                             7E       7E        4         0
                intcode                               8        8       76         0
                reset_vec                             0        0        4         0
                text40                              F14      F14       E0         0
                text39                             1268     1268       CA         0
                text38                             13F8     13F8       C4         0
                text37                              A18      A18      11C         0
                text36                             1780     1780       5A         0
                text35                             155E     155E       9E         0
                text34                             17DA     17DA       48         0
                text33                             119E     119E       CA         0
                text32                             1822     1822       46         0
                text31                             198C     198C       36         0
                text30                             1956     1956       36         0
                text29                             168E     168E       80         0
                text28                             10CE     10CE       D0         0
                text27                             170E     170E       72         0
                text26                               82       82      2BA         0
                text25                              33C      33C      194         0
                text24                             1332     1332       C6         0
                text23                             1A52     1A52       2C         0
                text22                              C32      C32       FA         0
                text21                              B34      B34       FE         0
                text20                             14BC     14BC       A2         0
                text19                              E24      E24       F0         0
                text18                             15FC     15FC       92         0
                text17                              FF4      FF4       DA         0
                text16                             1868     1868       42         0
                text15                             1AA8     1AA8       28         0
                text14                             1A24     1A24       2E         0
                text13                              650      650      15E         0
                text12                              7AE      7AE      13C         0
                text10                             1A7E     1A7E       2A         0
                text9                              18E4     18E4       3A         0
                text8                               D2C      D2C       F8         0
                text7                               8EA      8EA      12E         0
                text6                              1B12     1B12       12         0
                text5                              18AA     18AA       3A         0
                text4                              19F6     19F6       2E         0
                text3                              19C2     19C2       34         0
                text2                              191E     191E       38         0
                text1                               4D0      4D0      180         0
                text0                              1AF2     1AF2       20         0
                cinit                              1AD0     1AD0       22         0

        CLASS   CONST          

        CLASS   SMALLCONST     

        CLASS   MEDIUMCONST    
                mediumconst                        3E84     3E84      17C         0

        CLASS   COMRAM         
                cstackCOMRAM                          1        1       32         1
                bssCOMRAM                            33       33       17         1

        CLASS   ABS1           
                abs_s1                              200      200       30         1
                abs_s1                              240      240       80         1

        CLASS   BIGRAM         

        CLASS   RAM            

        CLASS   BANK0          
                cstackBANK0                          7F       7F        C         1
                bssBANK0                             60       60       1F         1

        CLASS   BANK1          

        CLASS   BANK2          

        CLASS   SFR            

        CLASS   FARRAM         

        CLASS   CONFIG         
                config                           300000   300000        E         0

        CLASS   IDLOC          
                idloc                            200000   200000        8         0

        CLASS   EEDATA         



SEGMENTS        Name                           Load    Length   Top    Selector   Space  Class

                reset_vec                      000000  000004  000004         0       0  CODE    
                cstackCOMRAM                   000001  000049  00004A         1       1  COMRAM  
                intcode                        000008  001B1C  001B24         4       0  CODE    
                bssBANK0                       000060  00002B  00008B        60       1  BANK0   
                mediumconst                    003E84  00017C  004000      1F42       0  MEDIUMCO
                idloc                          200000  000008  200008    200000       0  IDLOC   
                config                         300000  00000E  30000E    300000       0  CONFIG  


UNUSED ADDRESS RANGES

        Name                Unused          Largest block    Delta
        BANK0            00008B-0000FF               75
        BANK1            000100-0001FF              100
        BANK2            000230-00023F               10
                         0002C0-0002FF               40
        BIGRAM           00004A-00005F               16
                         00008B-0001FF              175
                         000230-00023F               10
                         0002C0-0002FF               40
        CODE             000004-000007                4
                         001B24-003E83             2360
        COMRAM           00004A-00005F               16
        CONST            000004-000007                4
                         001B24-003E83             2360
        EEDATA           F00000-F000FF              100
        MEDIUMCONST      001B24-003E83             2360
        RAM              00008B-0001FF               75
                         000230-00023F               10
                         0002C0-0002FF               40
        SFR              000F53-000FFF                D
        SMALLCONST       001B24-003E83              100
        STACK            00008B-0001FF              175

                                  Symbol Table

?_USBTransferOnePacket                        cstackBANK0  00007F
?i2_USBTransferOnePacket                      cstackCOMRAM 000001
APP_LEDUpdateUSBStatus@ledCount               bssCOMRAM    000033
BUTTON_Enable@button                          cstackBANK0  00007F
BUTTON_IsPressed@button                       cstackBANK0  00007F
LED_Enable@led                                cstackBANK0  00007F
LED_Off@led                                   cstackCOMRAM 000001
LED_On@led                                    cstackCOMRAM 000001
LED_Toggle@led                                cstackBANK0  00007F
SYSTEM_Initialize@state                       cstackBANK0  000080
USBCheckVendorRequest@Length                  cstackCOMRAM 000001
USBConfigureEndpoint@EPNum                    cstackCOMRAM 000006
USBConfigureEndpoint@direction                cstackCOMRAM 000001
USBConfigureEndpoint@handle                   cstackCOMRAM 000007
USBCtrlEPService@setup_cnt                    cstackCOMRAM 000023
USBCtrlTrfInHandler@lastDTS                   cstackCOMRAM 000002
USBCtrlTrfRxService@byteToRead                cstackCOMRAM 000002
USBCtrlTrfRxService@i                         cstackCOMRAM 000001
USBCtrlTrfTxService@byteToSend                cstackCOMRAM 000001
USBDeviceInit@i                               cstackBANK0  000087
USBDeviceTasks@i                              cstackCOMRAM 000024
USBEnableEndpoint@ep                          cstackCOMRAM 00000E
USBEnableEndpoint@options                     cstackCOMRAM 000009
USBEnableEndpoint@p                           cstackCOMRAM 00000C
USBStdFeatureReqHandler@current_ep_data       cstackCOMRAM 00001C
USBStdFeatureReqHandler@p                     cstackCOMRAM 00001D
USBStdFeatureReqHandler@pUEP                  cstackCOMRAM 00001A
USBStdGetStatusHandler@p                      cstackCOMRAM 000002
USBStdSetCfgHandler@i                         cstackCOMRAM 000017
USBTransferOnePacket@data                     cstackBANK0  000080
USBTransferOnePacket@dir                      cstackBANK0  00007F
USBTransferOnePacket@ep                       cstackBANK0  000083
USBTransferOnePacket@handle                   cstackBANK0  000084
USBTransferOnePacket@len                      cstackBANK0  000082
USER_USB_CALLBACK_EVENT_HANDLER@event         cstackCOMRAM 00000F
USER_USB_CALLBACK_EVENT_HANDLER@pdata         cstackCOMRAM 000011
USER_USB_CALLBACK_EVENT_HANDLER@size          cstackCOMRAM 000013
_ADCON0                                       (abs)        000FC2
_ADCON0bits                                   (abs)        000FC2
_ADCON1                                       (abs)        000FC1
_ADCON2                                       (abs)        000FC0
_ADCON2bits                                   (abs)        000FC0
_ADRESH                                       (abs)        000FC4
_ADRESL                                       (abs)        000FC3
_ANSELHbits                                   (abs)        000F7F
_APP_DeviceVendorBasicDemoInitialize          text32       001822
_APP_DeviceVendorBasicDemoTasks               text7        0008EA
_APP_DeviceVendorBasicDemoTasks$422           cstackBANK0  000087
_APP_DeviceVendorBasicDemoTasks$456           cstackBANK0  000089
_APP_LEDUpdateUSBStatus                       text29       00168E
_BDT                                          (abs)        000200
_BUTTON_Enable                                text6        001B12
_BUTTON_IsPressed                             text10       001A7E
_BothEP0OutUOWNsSet                           bssCOMRAM    00003B
_CompatIDFeatureDescriptor                    mediumconst  003F8F
_CtrlTrfData                                  (abs)        000228
_ExtPropertyFeatureDescriptor                 mediumconst  003E8D
_INPacket                                     (abs)        000240
_INTCONbits                                   (abs)        000FF2
_IPR2bits                                     (abs)        000FA2
_LATCbits                                     (abs)        000F8B
_LED_Enable                                   text5        0018AA
_LED_Off                                      text31       00198C
_LED_On                                       text30       001956
_LED_Toggle                                   text9        0018E4
_MSOSDescriptor                               mediumconst  003FD7
_OUTPacket                                    (abs)        000280
_PIE2bits                                     (abs)        000FA0
_PIR2bits                                     (abs)        000FA1
_PORTAbits                                    (abs)        000F80
_RCONbits                                     (abs)        000FD0
_RemoteWakeup                                 bssCOMRAM    00003C
_SYSTEM_Initialize                            text4        0019F6
_SYS_InterruptHigh                            intcode      000008
_SetupPkt                                     (abs)        000220
_TRISBbits                                    (abs)        000F93
_TRISCbits                                    (abs)        000F94
_UADDR                                        (abs)        000F5C
_UCFG                                         (abs)        000F61
_UCON                                         (abs)        000F64
_UCONbits                                     (abs)        000F64
_UEIE                                         (abs)        000F5B
_UEIR                                         (abs)        000F5F
_UEP0                                         (abs)        000F53
_UEP0bits                                     (abs)        000F53
_UEP1                                         (abs)        000F54
_UIE                                          (abs)        000F60
_UIEbits                                      (abs)        000F60
_UIR                                          (abs)        000F62
_UIRbits                                      (abs)        000F62
_USBActiveConfiguration                       bssCOMRAM    000047
_USBAlternateInterface                        bssCOMRAM    000048
_USBBusIsSuspended                            bssCOMRAM    00003D
_USBCheckStdRequest                           text21       000B34
_USBCheckVendorRequest                        text28       0010CE
_USBConfigureEndpoint                         text35       00155E
_USBCtrlEPAllowDataStage                      text20       0014BC
_USBCtrlEPAllowStatusStage                    text38       0013F8
_USBCtrlEPService                             text17       000FF4
_USBCtrlEPServiceComplete                     text19       000E24
_USBCtrlTrfInHandler                          text39       001268
_USBCtrlTrfOutHandler                         text36       001780
_USBCtrlTrfRxService                          text37       000A18
_USBCtrlTrfSetupHandler                       text18       0015FC
_USBCtrlTrfTxService                          text40       000F14
_USBDeferINDataStagePackets                   bssCOMRAM    00003E
_USBDeferOUTDataStagePackets                  bssCOMRAM    00003F
_USBDeferStatusStagePacket                    bssCOMRAM    000040
_USBDeviceAttach                              text3        0019C2
_USBDeviceInit                                text1        0004D0
_USBDeviceState                               bssBANK0     000078
_USBDeviceTasks                               text12       0007AE
_USBEnableEndpoint                            text34       0017DA
_USBGenericInHandle                           bssBANK0     000070
_USBGenericOutHandle                          bssBANK0     000072
_USBStallHandler                              text16       001868
_USBStatusStageEnabledFlag1                   bssCOMRAM    000041
_USBStatusStageEnabledFlag2                   bssCOMRAM    000042
_USBStatusStageTimeoutCounter                 bssCOMRAM    000043
_USBStdFeatureReqHandler                      text26       000082
_USBStdGetDscHandler                          text25       00033C
_USBStdGetStatusHandler                       text24       001332
_USBStdSetCfgHandler                          text22       000C32
_USBSuspend                                   text15       001AA8
_USBTransferOnePacket                         text8        000D2C
_USBWakeFromSuspend                           text14       001A24
_USB_CD_Ptr                                   mediumconst  003E8B
_USB_SD_Ptr                                   mediumconst  003E85
_USER_USB_CALLBACK_EVENT_HANDLER              text27       00170E
_USTAT                                        (abs)        000F63
_USTATcopy                                    bssCOMRAM    000049
__CFG_BBSIZ$OFF                               (abs)        000000
__CFG_BOREN$OFF                               (abs)        000000
__CFG_BORV$30                                 (abs)        000000
__CFG_CP0$OFF                                 (abs)        000000
__CFG_CP1$OFF                                 (abs)        000000
__CFG_CPB$OFF                                 (abs)        000000
__CFG_CPUDIV$NOCLKDIV                         (abs)        000000
__CFG_EBTR0$OFF                               (abs)        000000
__CFG_EBTR1$OFF                               (abs)        000000
__CFG_EBTRB$OFF                               (abs)        000000
__CFG_FCMEN$OFF                               (abs)        000000
__CFG_FOSC$HS                                 (abs)        000000
__CFG_HFOFST$OFF                              (abs)        000000
__CFG_IESO$OFF                                (abs)        000000
__CFG_LVP$OFF                                 (abs)        000000
__CFG_MCLRE$OFF                               (abs)        000000
__CFG_PLLEN$ON                                (abs)        000000
__CFG_PWRTEN$OFF                              (abs)        000000
__CFG_STVREN$ON                               (abs)        000000
__CFG_USBDIV$OFF                              (abs)        000000
__CFG_WDTEN$OFF                               (abs)        000000
__CFG_WDTPS$32768                             (abs)        000000
__CFG_WRT0$OFF                                (abs)        000000
__CFG_WRT1$OFF                                (abs)        000000
__CFG_WRTB$OFF                                (abs)        000000
__CFG_WRTC$OFF                                (abs)        000000
__CFG_XINST$OFF                               (abs)        000000
__HRAM                                        (abs)        000000
__Habs1                                       abs1         000000
__Hbank0                                      bank0        000000
__Hbank1                                      bank1        000000
__Hbank2                                      bank2        000000
__Hbigbss                                     bigbss       000000
__Hbigdata                                    bigdata      000000
__Hbigram                                     bigram       000000
__Hbss                                        bss          000000
__HbssBANK0                                   bssBANK0     000000
__HbssCOMRAM                                  bssCOMRAM    000000
__Hcinit                                      cinit        000000
__Hclrtext                                    clrtext      000000
__Hcomram                                     comram       000000
__Hconfig                                     config       30000E
__Hconst                                      const        000000
__HcstackBANK0                                cstackBANK0  000000
__HcstackCOMRAM                               cstackCOMRAM 000000
__Hdata                                       data         000000
__Heeprom_data                                eeprom_data  000000
__Hend_init                                   end_init     000082
__Hfarbss                                     farbss       000000
__Hfardata                                    fardata      000000
__Hibigdata                                   ibigdata     000000
__Hidata                                      idata        000000
__Hidloc                                      idloc        200008
__Hifardata                                   ifardata     000000
__Hinit                                       init         00007E
__Hintcode                                    intcode      00007E
__Hintcode_body                               intcode_body 000000
__Hintcodelo                                  intcodelo    00007E
__Hintentry                                   intentry     000000
__Hintret                                     intret       000000
__Hintsave_regs                               intsave_regs 000000
__Hirdata                                     irdata       000000
__Hmediumconst                                mediumconst  004000
__HnvFARRAM                                   nvFARRAM     000000
__Hnvbit                                      nvbit        000000
__Hnvrram                                     nvrram       000000
__Hparam                                      rparam       000000
__Hpowerup                                    powerup      00007E
__Hram                                        ram          000000
__Hramtop                                     ramtop       000300
__Hrbit                                       rbit         000000
__Hrbss                                       rbss         000000
__Hrdata                                      rdata        000000
__Hreset_vec                                  reset_vec    000004
__Hrparam                                     rparam       000000
__Hsfr                                        sfr          000000
__Hsmallconst                                 smallconst   000000
__Hspace_0                                    (abs)        30000E
__Hspace_1                                    (abs)        00008B
__Hspace_2                                    (abs)        000000
__Hstack                                      stack        000000
__Hstruct                                     struct       000000
__Htemp                                       temp         000000
__Htext                                       text         000000
__Htext0                                      text0        000000
__Htext1                                      text1        000000
__Htext10                                     text10       000000
__Htext12                                     text12       000000
__Htext13                                     text13       000000
__Htext14                                     text14       000000
__Htext15                                     text15       000000
__Htext16                                     text16       000000
__Htext17                                     text17       000000
__Htext18                                     text18       000000
__Htext19                                     text19       000000
__Htext2                                      text2        000000
__Htext20                                     text20       000000
__Htext21                                     text21       000000
__Htext22                                     text22       000000
__Htext23                                     text23       000000
__Htext24                                     text24       000000
__Htext25                                     text25       000000
__Htext26                                     text26       000000
__Htext27                                     text27       000000
__Htext28                                     text28       000000
__Htext29                                     text29       000000
__Htext3                                      text3        000000
__Htext30                                     text30       000000
__Htext31                                     text31       000000
__Htext32                                     text32       000000
__Htext33                                     text33       000000
__Htext34                                     text34       000000
__Htext35                                     text35       000000
__Htext36                                     text36       000000
__Htext37                                     text37       000000
__Htext38                                     text38       000000
__Htext39                                     text39       000000
__Htext4                                      text4        000000
__Htext40                                     text40       000000
__Htext5                                      text5        000000
__Htext6                                      text6        000000
__Htext7                                      text7        000000
__Htext8                                      text8        000000
__Htext9                                      text9        000000
__LRAM                                        (abs)        000001
__Labs1                                       abs1         000000
__Lbank0                                      bank0        000000
__Lbank1                                      bank1        000000
__Lbank2                                      bank2        000000
__Lbigbss                                     bigbss       000000
__Lbigdata                                    bigdata      000000
__Lbigram                                     bigram       000000
__Lbss                                        bss          000000
__LbssBANK0                                   bssBANK0     000000
__LbssCOMRAM                                  bssCOMRAM    000000
__Lcinit                                      cinit        000000
__Lclrtext                                    clrtext      000000
__Lcomram                                     comram       000000
__Lconfig                                     config       300000
__Lconst                                      const        000000
__LcstackBANK0                                cstackBANK0  000000
__LcstackCOMRAM                               cstackCOMRAM 000000
__Ldata                                       data         000000
__Leeprom_data                                eeprom_data  000000
__Lend_init                                   end_init     00007E
__Lfarbss                                     farbss       000000
__Lfardata                                    fardata      000000
__Libigdata                                   ibigdata     000000
__Lidata                                      idata        000000
__Lidloc                                      idloc        200000
__Lifardata                                   ifardata     000000
__Linit                                       init         00007E
__Lintcode                                    intcode      000008
__Lintcode_body                               intcode_body 000000
__Lintcodelo                                  intcodelo    00007E
__Lintentry                                   intentry     000000
__Lintret                                     intret       000000
__Lintsave_regs                               intsave_regs 000000
__Lirdata                                     irdata       000000
__Lmediumconst                                mediumconst  003E84
__LnvFARRAM                                   nvFARRAM     000000
__Lnvbit                                      nvbit        000000
__Lnvrram                                     nvrram       000000
__Lparam                                      rparam       000000
__Lpowerup                                    powerup      00007E
__Lram                                        ram          000000
__Lramtop                                     ramtop       000300
__Lrbit                                       rbit         000000
__Lrbss                                       rbss         000000
__Lrdata                                      rdata        000000
__Lreset_vec                                  reset_vec    000000
__Lrparam                                     rparam       000000
__Lsfr                                        sfr          000000
__Lsmallconst                                 smallconst   000000
__Lspace_0                                    (abs)        000000
__Lspace_1                                    (abs)        000000
__Lspace_2                                    (abs)        000000
__Lstack                                      stack        000000
__Lstruct                                     struct       000000
__Ltemp                                       temp         000000
__Ltext                                       text         000000
__Ltext0                                      text0        000000
__Ltext1                                      text1        000000
__Ltext10                                     text10       000000
__Ltext12                                     text12       000000
__Ltext13                                     text13       000000
__Ltext14                                     text14       000000
__Ltext15                                     text15       000000
__Ltext16                                     text16       000000
__Ltext17                                     text17       000000
__Ltext18                                     text18       000000
__Ltext19                                     text19       000000
__Ltext2                                      text2        000000
__Ltext20                                     text20       000000
__Ltext21                                     text21       000000
__Ltext22                                     text22       000000
__Ltext23                                     text23       000000
__Ltext24                                     text24       000000
__Ltext25                                     text25       000000
__Ltext26                                     text26       000000
__Ltext27                                     text27       000000
__Ltext28                                     text28       000000
__Ltext29                                     text29       000000
__Ltext3                                      text3        000000
__Ltext30                                     text30       000000
__Ltext31                                     text31       000000
__Ltext32                                     text32       000000
__Ltext33                                     text33       000000
__Ltext34                                     text34       000000
__Ltext35                                     text35       000000
__Ltext36                                     text36       000000
__Ltext37                                     text37       000000
__Ltext38                                     text38       000000
__Ltext39                                     text39       000000
__Ltext4                                      text4        000000
__Ltext40                                     text40       000000
__Ltext5                                      text5        000000
__Ltext6                                      text6        000000
__Ltext7                                      text7        000000
__Ltext8                                      text8        000000
__Ltext9                                      text9        000000
__S0                                          (abs)        30000E
__S1                                          (abs)        00008B
__S2                                          (abs)        000000
___inthi_sp                                   stack        000000
___intlo_sp                                   stack        000000
___sp                                         stack        000000
__accesstop                                   (abs)        000060
__activetblptr                                (abs)        000002
__end_of_APP_DeviceVendorBasicDemoInitialize  text32       001868
__end_of_APP_DeviceVendorBasicDemoTasks       text7        000A18
__end_of_APP_LEDUpdateUSBStatus               text29       00170E
__end_of_BUTTON_Enable                        text6        001B24
__end_of_BUTTON_IsPressed                     text10       001AA8
__end_of_CompatIDFeatureDescriptor            mediumconst  003FB7
__end_of_ExtPropertyFeatureDescriptor         mediumconst  003F1B
__end_of_LED_Enable                           text5        0018E4
__end_of_LED_Off                              text31       0019C2
__end_of_LED_On                               text30       00198C
__end_of_LED_Toggle                           text9        00191E
__end_of_MSOSDescriptor                       mediumconst  003FE9
__end_of_SYSTEM_Initialize                    text4        001A24
__end_of_SYS_InterruptHigh                    intcode      00007E
__end_of_USBCheckStdRequest                   text21       000C32
__end_of_USBCheckVendorRequest                text28       00119E
__end_of_USBConfigureEndpoint                 text35       0015FC
__end_of_USBCtrlEPAllowDataStage              text20       00155E
__end_of_USBCtrlEPAllowStatusStage            text38       0014BC
__end_of_USBCtrlEPService                     text17       0010CE
__end_of_USBCtrlEPServiceComplete             text19       000F14
__end_of_USBCtrlTrfInHandler                  text39       001332
__end_of_USBCtrlTrfOutHandler                 text36       0017DA
__end_of_USBCtrlTrfRxService                  text37       000B34
__end_of_USBCtrlTrfSetupHandler               text18       00168E
__end_of_USBCtrlTrfTxService                  text40       000FF4
__end_of_USBDeviceAttach                      text3        0019F6
__end_of_USBDeviceInit                        text1        000650
__end_of_USBDeviceTasks                       text12       0008EA
__end_of_USBEnableEndpoint                    text34       001822
__end_of_USBStallHandler                      text16       0018AA
__end_of_USBStdFeatureReqHandler              text26       00033C
__end_of_USBStdGetDscHandler                  text25       0004D0
__end_of_USBStdGetStatusHandler               text24       0013F8
__end_of_USBStdSetCfgHandler                  text22       000D2C
__end_of_USBSuspend                           text15       001AD0
__end_of_USBTransferOnePacket                 text8        000E24
__end_of_USBWakeFromSuspend                   text14       001A52
__end_of_USB_CD_Ptr                           mediumconst  003E8D
__end_of_USB_SD_Ptr                           mediumconst  003E8B
__end_of_USER_USB_CALLBACK_EVENT_HANDLER      text27       001780
__end_of__initialization                      cinit        001AE8
__end_of_configDescriptor1                    mediumconst  003FD7
__end_of_device_dsc                           mediumconst  003FFB
__end_of_main                                 text0        001B12
__end_of_memset                               text2        001956
__end_of_sd000                                mediumconst  003FFF
__end_of_sd001                                mediumconst  003F8F
__end_of_sd002                                mediumconst  003F5B
__end_ofi2_USBDeviceInit                      text13       0007AE
__end_ofi2_USBTransferOnePacket               text33       001268
__end_ofi2_memset                             text23       001A7E
__initialization                              cinit        001AD0
__mediumconst                                 mediumconst  003E84
__pbssBANK0                                   bssBANK0     000060
__pbssCOMRAM                                  bssCOMRAM    000033
__pcinit                                      cinit        001AD0
__pcstackBANK0                                cstackBANK0  00007F
__pcstackCOMRAM                               cstackCOMRAM 000001
__pintcode                                    intcode      000008
__pmediumconst                                mediumconst  003E84
__ptext0                                      text0        001AF2
__ptext1                                      text1        0004D0
__ptext10                                     text10       001A7E
__ptext12                                     text12       0007AE
__ptext13                                     text13       000650
__ptext14                                     text14       001A24
__ptext15                                     text15       001AA8
__ptext16                                     text16       001868
__ptext17                                     text17       000FF4
__ptext18                                     text18       0015FC
__ptext19                                     text19       000E24
__ptext2                                      text2        00191E
__ptext20                                     text20       0014BC
__ptext21                                     text21       000B34
__ptext22                                     text22       000C32
__ptext23                                     text23       001A52
__ptext24                                     text24       001332
__ptext25                                     text25       00033C
__ptext26                                     text26       000082
__ptext27                                     text27       00170E
__ptext28                                     text28       0010CE
__ptext29                                     text29       00168E
__ptext3                                      text3        0019C2
__ptext30                                     text30       001956
__ptext31                                     text31       00198C
__ptext32                                     text32       001822
__ptext33                                     text33       00119E
__ptext34                                     text34       0017DA
__ptext35                                     text35       00155E
__ptext36                                     text36       001780
__ptext37                                     text37       000A18
__ptext38                                     text38       0013F8
__ptext39                                     text39       001268
__ptext4                                      text4        0019F6
__ptext40                                     text40       000F14
__ptext5                                      text5        0018AA
__ptext6                                      text6        001B12
__ptext7                                      text7        0008EA
__ptext8                                      text8        000D2C
__ptext9                                      text9        0018E4
__ramtop                                      ramtop       000300
__size_of_APP_DeviceVendorBasicDemoInitialize (abs)        000000
__size_of_APP_DeviceVendorBasicDemoTasks      (abs)        000000
__size_of_APP_LEDUpdateUSBStatus              (abs)        000000
__size_of_BUTTON_Enable                       (abs)        000000
__size_of_BUTTON_IsPressed                    (abs)        000000
__size_of_LED_Enable                          (abs)        000000
__size_of_LED_Off                             (abs)        000000
__size_of_LED_On                              (abs)        000000
__size_of_LED_Toggle                          (abs)        000000
__size_of_SYSTEM_Initialize                   (abs)        000000
__size_of_SYS_InterruptHigh                   (abs)        000000
__size_of_USBCheckStdRequest                  (abs)        000000
__size_of_USBCheckVendorRequest               (abs)        000000
__size_of_USBConfigureEndpoint                (abs)        000000
__size_of_USBCtrlEPAllowDataStage             (abs)        000000
__size_of_USBCtrlEPAllowStatusStage           (abs)        000000
__size_of_USBCtrlEPService                    (abs)        000000
__size_of_USBCtrlEPServiceComplete            (abs)        000000
__size_of_USBCtrlTrfInHandler                 (abs)        000000
__size_of_USBCtrlTrfOutHandler                (abs)        000000
__size_of_USBCtrlTrfRxService                 (abs)        000000
__size_of_USBCtrlTrfSetupHandler              (abs)        000000
__size_of_USBCtrlTrfTxService                 (abs)        000000
__size_of_USBDeviceAttach                     (abs)        000000
__size_of_USBDeviceInit                       (abs)        000000
__size_of_USBDeviceTasks                      (abs)        000000
__size_of_USBEnableEndpoint                   (abs)        000000
__size_of_USBStallHandler                     (abs)        000000
__size_of_USBStdFeatureReqHandler             (abs)        000000
__size_of_USBStdGetDscHandler                 (abs)        000000
__size_of_USBStdGetStatusHandler              (abs)        000000
__size_of_USBStdSetCfgHandler                 (abs)        000000
__size_of_USBSuspend                          (abs)        000000
__size_of_USBTransferOnePacket                (abs)        000000
__size_of_USBWakeFromSuspend                  (abs)        000000
__size_of_USER_USB_CALLBACK_EVENT_HANDLER     (abs)        000000
__size_of_main                                (abs)        000000
__size_of_memset                              (abs)        000000
__size_ofi2_USBDeviceInit                     (abs)        000000
__size_ofi2_USBTransferOnePacket              (abs)        000000
__size_ofi2_memset                            (abs)        000000
__smallconst                                  smallconst   000000
_configDescriptor1                            mediumconst  003FB7
_controlTransferState                         bssCOMRAM    000044
_device_dsc                                   mediumconst  003FE9
_endpoint_number                              bssCOMRAM    000045
_ep_data_in                                   bssBANK0     000074
_ep_data_out                                  bssBANK0     000076
_inPipes                                      bssBANK0     000079
_main                                         text0        001AF2
_memset                                       text2        00191E
_outPipes                                     bssBANK0     000060
_pBDTEntryEP0OutCurrent                       bssCOMRAM    000035
_pBDTEntryEP0OutNext                          bssCOMRAM    000037
_pBDTEntryIn                                  bssBANK0     000068
_pBDTEntryOut                                 bssBANK0     00006C
_pDst                                         bssCOMRAM    000039
_sd000                                        mediumconst  003FFB
_sd001                                        mediumconst  003F5B
_sd002                                        mediumconst  003F1B
_shortPacketStatus                            bssCOMRAM    000046
end_of_initialization                         cinit        001AE8
i2USBDeviceInit@i                             cstackCOMRAM 000009
i2USBTransferOnePacket@data                   cstackCOMRAM 000002
i2USBTransferOnePacket@dir                    cstackCOMRAM 000001
i2USBTransferOnePacket@ep                     cstackCOMRAM 000005
i2USBTransferOnePacket@handle                 cstackCOMRAM 000006
i2USBTransferOnePacket@len                    cstackCOMRAM 000004
i2_USBDeviceInit                              text13       000650
i2_USBTransferOnePacket                       text33       00119E
i2_memset                                     text23       001A52
i2memset@c                                    cstackCOMRAM 000003
i2memset@n                                    cstackCOMRAM 000005
i2memset@p                                    cstackCOMRAM 000007
i2memset@p1                                   cstackCOMRAM 000001
intlevel0                                     text         000000
intlevel1                                     text         000000
intlevel2                                     text         000000
intlevel3                                     text         000000
memset@c                                      cstackBANK0  000081
memset@n                                      cstackBANK0  000083
memset@p                                      cstackBANK0  000085
memset@p1                                     cstackBANK0  00007F
stackhi                                       (abs)        0001FF
stacklo                                       (abs)        00008B
start                                         init         00007E
start_initialization                          cinit        001AD0


FUNCTION INFORMATION:

 *************** function _main *****************
 Defined at:
		line 49 in file "../src/main.c"
 Parameters:    Size  Location     Type
		None
 Auto vars:     Size  Location     Type
		None
 Return value:  Size  Location     Type
		None               void
 Registers used:
		wreg, fsr2l, fsr2h, status,2, status,0, prodl, prodh, cstack
 Tracked objects:
		On entry : 
		On exit  : 
		Unchanged: 
 Data sizes:     COMRAM   BANK0   BANK1  BANK2h  BANK2l
      Params:         0       0       0       0       0
      Locals:         0       0       0       0       0
      Temps:          0       0       0       0       0
      Totals:         0       0       0       0       0
Total ram usage:        0 bytes
 Hardware stack levels required when called:   12
 This function calls:
		_APP_DeviceVendorBasicDemoTasks
		_SYSTEM_Initialize
		_USBDeviceAttach
		_USBDeviceInit
 This function is called by:
		Startup code after reset
 This function uses a non-reentrant model


 *************** function _USBDeviceInit *****************
 Defined at:
		line 298 in file "../../mla/framework/usb/src/usb_device.c"
 Parameters:    Size  Location     Type
		None
 Auto vars:     Size  Location     Type
  i               1    8[BANK0 ] unsigned char 
 Return value:  Size  Location     Type
		None               void
 Registers used:
		wreg, fsr2l, fsr2h, status,2, status,0, prodl, prodh, cstack
 Tracked objects:
		On entry : 
		On exit  : 
		Unchanged: 
 Data sizes:     COMRAM   BANK0   BANK1  BANK2h  BANK2l
      Params:         0       0       0       0       0
      Locals:         0       1       0       0       0
      Temps:          0       0       0       0       0
      Totals:         0       1       0       0       0
Total ram usage:        1 bytes
 Hardware stack levels used:    1
 Hardware stack levels required when called:   11
 This function calls:
		_memset
 This function is called by:
		_main
 This function uses a non-reentrant model


 *************** function _memset *****************
 Defined at:
		line 8 in file "/Applications/microchip/xc8/v1.33/sources/common/memset.c"
 Parameters:    Size  Location     Type
  p1              2    0[BANK0 ] PTR void 
		 -> USBAlternateInterface(1), BDT(32), UEP1(1), 
  c               2    2[BANK0 ] int 
  n               2    4[BANK0 ] unsigned int 
 Auto vars:     Size  Location     Type
  p               2    6[BANK0 ] PTR unsigned char 
		 -> USBAlternateInterface(1), BDT(32), UEP1(1), 
 Return value:  Size  Location     Type
                  2    0[BANK0 ] PTR void 
 Registers used:
		wreg, fsr2l, fsr2h, status,2, status,0
 Tracked objects:
		On entry : 
		On exit  : 
		Unchanged: 
 Data sizes:     COMRAM   BANK0   BANK1  BANK2h  BANK2l
      Params:         0       6       0       0       0
      Locals:         0       2       0       0       0
      Temps:          0       0       0       0       0
      Totals:         0       8       0       0       0
Total ram usage:        8 bytes
 Hardware stack levels used:    1
 Hardware stack levels required when called:   10
 This function calls:
		Nothing
 This function is called by:
		_USBDeviceInit
 This function uses a non-reentrant model


 *************** function _USBDeviceAttach *****************
 Defined at:
		line 1352 in file "../../mla/framework/usb/src/usb_device.c"
 Parameters:    Size  Location     Type
		None
 Auto vars:     Size  Location     Type
		None
 Return value:  Size  Location     Type
		None               void
 Registers used:
		wreg, status,2
 Tracked objects:
		On entry : 
		On exit  : 
		Unchanged: 
 Data sizes:     COMRAM   BANK0   BANK1  BANK2h  BANK2l
      Params:         0       0       0       0       0
      Locals:         0       0       0       0       0
      Temps:          0       0       0       0       0
      Totals:         0       0       0       0       0
Total ram usage:        0 bytes
 Hardware stack levels used:    1
 Hardware stack levels required when called:   10
 This function calls:
		Nothing
 This function is called by:
		_main
 This function uses a non-reentrant model


 *************** function _SYSTEM_Initialize *****************
 Defined at:
		line 69 in file "../src/system.c"
 Parameters:    Size  Location     Type
  state           1    wreg     enum E4588
 Auto vars:     Size  Location     Type
  state           1    1[BANK0 ] enum E4588
 Return value:  Size  Location     Type
		None               void
 Registers used:
		wreg, status,2, status,0, cstack
 Tracked objects:
		On entry : 
		On exit  : 
		Unchanged: 
 Data sizes:     COMRAM   BANK0   BANK1  BANK2h  BANK2l
      Params:         0       0       0       0       0
      Locals:         0       1       0       0       0
      Temps:          0       0       0       0       0
      Totals:         0       1       0       0       0
Total ram usage:        1 bytes
 Hardware stack levels used:    1
 Hardware stack levels required when called:   11
 This function calls:
		_BUTTON_Enable
		_LED_Enable
 This function is called by:
		_main
 This function uses a non-reentrant model


 *************** function _LED_Enable *****************
 Defined at:
		line 220 in file "../src/leds.c"
 Parameters:    Size  Location     Type
  led             1    wreg     enum E2
 Auto vars:     Size  Location     Type
  led             1    0[BANK0 ] enum E2
 Return value:  Size  Location     Type
		None               void
 Registers used:
		wreg, status,2, status,0
 Tracked objects:
		On entry : 
		On exit  : 
		Unchanged: 
 Data sizes:     COMRAM   BANK0   BANK1  BANK2h  BANK2l
      Params:         0       0       0       0       0
      Locals:         0       1       0       0       0
      Temps:          0       0       0       0       0
      Totals:         0       1       0       0       0
Total ram usage:        1 bytes
 Hardware stack levels used:    1
 Hardware stack levels required when called:   10
 This function calls:
		Nothing
 This function is called by:
		_SYSTEM_Initialize
 This function uses a non-reentrant model


 *************** function _BUTTON_Enable *****************
 Defined at:
		line 85 in file "../src/buttons.c"
 Parameters:    Size  Location     Type
  button          1    wreg     enum E4557
 Auto vars:     Size  Location     Type
  button          1    0[BANK0 ] enum E4557
 Return value:  Size  Location     Type
		None               void
 Registers used:
		wreg, status,2, status,0
 Tracked objects:
		On entry : 
		On exit  : 
		Unchanged: 
 Data sizes:     COMRAM   BANK0   BANK1  BANK2h  BANK2l
      Params:         0       0       0       0       0
      Locals:         0       1       0       0       0
      Temps:          0       0       0       0       0
      Totals:         0       1       0       0       0
Total ram usage:        1 bytes
 Hardware stack levels used:    1
 Hardware stack levels required when called:   10
 This function calls:
		Nothing
 This function is called by:
		_SYSTEM_Initialize
 This function uses a non-reentrant model


 *************** function _APP_DeviceVendorBasicDemoTasks *****************
 Defined at:
		line 114 in file "../src/app_device_vendor_basic.c"
 Parameters:    Size  Location     Type
		None
 Auto vars:     Size  Location     Type
		None
 Return value:  Size  Location     Type
		None               void
 Registers used:
		wreg, fsr2l, fsr2h, status,2, status,0, prodl, prodh, cstack
 Tracked objects:
		On entry : 
		On exit  : 
		Unchanged: 
 Data sizes:     COMRAM   BANK0   BANK1  BANK2h  BANK2l
      Params:         0       0       0       0       0
      Locals:         0       4       0       0       0
      Temps:          0       1       0       0       0
      Totals:         0       5       0       0       0
Total ram usage:        5 bytes
 Hardware stack levels used:    1
 Hardware stack levels required when called:   11
 This function calls:
		_BUTTON_IsPressed
		_LED_Toggle
		_USBTransferOnePacket
 This function is called by:
		_main
 This function uses a non-reentrant model


 *************** function _USBTransferOnePacket *****************
 Defined at:
		line 995 in file "../../mla/framework/usb/src/usb_device.c"
 Parameters:    Size  Location     Type
  ep              1    wreg     unsigned char 
  dir             1    0[BANK0 ] unsigned char 
  data            2    1[BANK0 ] PTR unsigned char 
		 -> INPacket(64), OUTPacket(64), 
  len             1    3[BANK0 ] unsigned char 
 Auto vars:     Size  Location     Type
  ep              1    4[BANK0 ] unsigned char 
  handle          2    5[BANK0 ] PTR volatile struct __BD
		 -> BDT(32), NULL(0), 
 Return value:  Size  Location     Type
                  2    0[BANK0 ] PTR void 
 Registers used:
		wreg, fsr2l, fsr2h, status,2, status,0, prodl, prodh
 Tracked objects:
		On entry : 
		On exit  : 
		Unchanged: 
 Data sizes:     COMRAM   BANK0   BANK1  BANK2h  BANK2l
      Params:         0       4       0       0       0
      Locals:         0       3       0       0       0
      Temps:          0       0       0       0       0
      Totals:         0       7       0       0       0
Total ram usage:        7 bytes
 Hardware stack levels used:    1
 Hardware stack levels required when called:   10
 This function calls:
		Nothing
 This function is called by:
		_APP_DeviceVendorBasicDemoTasks
 This function uses a non-reentrant model


 *************** function _LED_Toggle *****************
 Defined at:
		line 141 in file "../src/leds.c"
 Parameters:    Size  Location     Type
  led             1    wreg     enum E2
 Auto vars:     Size  Location     Type
  led             1    0[BANK0 ] enum E2
 Return value:  Size  Location     Type
		None               void
 Registers used:
		wreg, status,2, status,0
 Tracked objects:
		On entry : 
		On exit  : 
		Unchanged: 
 Data sizes:     COMRAM   BANK0   BANK1  BANK2h  BANK2l
      Params:         0       0       0       0       0
      Locals:         0       1       0       0       0
      Temps:          0       0       0       0       0
      Totals:         0       1       0       0       0
Total ram usage:        1 bytes
 Hardware stack levels used:    1
 Hardware stack levels required when called:   10
 This function calls:
		Nothing
 This function is called by:
		_APP_DeviceVendorBasicDemoTasks
 This function uses a non-reentrant model


 *************** function _BUTTON_IsPressed *****************
 Defined at:
		line 55 in file "../src/buttons.c"
 Parameters:    Size  Location     Type
  button          1    wreg     enum E4557
 Auto vars:     Size  Location     Type
  button          1    0[BANK0 ] enum E4557
 Return value:  Size  Location     Type
                  1    wreg      unsigned char 
 Registers used:
		wreg, status,2, status,0
 Tracked objects:
		On entry : 
		On exit  : 
		Unchanged: 
 Data sizes:     COMRAM   BANK0   BANK1  BANK2h  BANK2l
      Params:         0       0       0       0       0
      Locals:         0       1       0       0       0
      Temps:          0       0       0       0       0
      Totals:         0       1       0       0       0
Total ram usage:        1 bytes
 Hardware stack levels used:    1
 Hardware stack levels required when called:   10
 This function calls:
		Nothing
 This function is called by:
		_APP_DeviceVendorBasicDemoTasks
 This function uses a non-reentrant model


 *************** function _SYS_InterruptHigh *****************
 Defined at:
		line 90 in file "../src/system.c"
 Parameters:    Size  Location     Type
		None
 Auto vars:     Size  Location     Type
		None
 Return value:  Size  Location     Type
		None               void
 Registers used:
		wreg, fsr0l, fsr0h, fsr1l, fsr1h, fsr2l, fsr2h, status,2, status,0, tblptrl, tblptrh, tblptru, prodl, prodh, cstack
 Tracked objects:
		On entry : 
		On exit  : 
		Unchanged: 
 Data sizes:     COMRAM   BANK0   BANK1  BANK2h  BANK2l
      Params:         0       0       0       0       0
      Locals:         0       0       0       0       0
      Temps:         14       0       0       0       0
      Totals:        14       0       0       0       0
Total ram usage:       14 bytes
 Hardware stack levels used:    1
 Hardware stack levels required when called:    9
 This function calls:
		_USBDeviceTasks
 This function is called by:
		Interrupt level 2
 This function uses a non-reentrant model


 *************** function _USBDeviceTasks *****************
 Defined at:
		line 489 in file "../../mla/framework/usb/src/usb_device.c"
 Parameters:    Size  Location     Type
		None
 Auto vars:     Size  Location     Type
  i               1   35[COMRAM] unsigned char 
 Return value:  Size  Location     Type
		None               void
 Registers used:
		wreg, fsr0l, fsr0h, fsr1l, fsr1h, fsr2l, fsr2h, status,2, status,0, tblptrl, tblptrh, tblptru, prodl, prodh, cstack
 Tracked objects:
		On entry : 
		On exit  : 
		Unchanged: 
 Data sizes:     COMRAM   BANK0   BANK1  BANK2h  BANK2l
      Params:         0       0       0       0       0
      Locals:         1       0       0       0       0
      Temps:          0       0       0       0       0
      Totals:         1       0       0       0       0
Total ram usage:        1 bytes
 Hardware stack levels used:    1
 Hardware stack levels required when called:    8
 This function calls:
		_USBCtrlEPAllowStatusStage
		_USBCtrlEPService
		_USBStallHandler
		_USBSuspend
		_USBWakeFromSuspend
		_USER_USB_CALLBACK_EVENT_HANDLER
		i2_USBDeviceInit
 This function is called by:
		_SYS_InterruptHigh
 This function uses a non-reentrant model


 *************** function i2_USBDeviceInit *****************
 Defined at:
		line 298 in file "../../mla/framework/usb/src/usb_device.c"
 Parameters:    Size  Location     Type
		None
 Auto vars:     Size  Location     Type
  USBDeviceIni    1    8[COMRAM] unsigned char 
 Return value:  Size  Location     Type
		None               void
 Registers used:
		wreg, fsr2l, fsr2h, status,2, status,0, prodl, prodh, cstack
 Tracked objects:
		On entry : 
		On exit  : 
		Unchanged: 
 Data sizes:     COMRAM   BANK0   BANK1  BANK2h  BANK2l
      Params:         0       0       0       0       0
      Locals:         1       0       0       0       0
      Temps:          0       0       0       0       0
      Totals:         1       0       0       0       0
Total ram usage:        1 bytes
 Hardware stack levels used:    1
 Hardware stack levels required when called:    1
 This function calls:
		i2_memset
 This function is called by:
		_USBDeviceTasks
 This function uses a non-reentrant model


 *************** function _USBWakeFromSuspend *****************
 Defined at:
		line 2302 in file "../../mla/framework/usb/src/usb_device.c"
 Parameters:    Size  Location     Type
		None
 Auto vars:     Size  Location     Type
		None
 Return value:  Size  Location     Type
		None               void
 Registers used:
		wreg, fsr2l, fsr2h, status,2, status,0, tblptrl, tblptrh, tblptru, prodl, prodh, cstack
 Tracked objects:
		On entry : 
		On exit  : 
		Unchanged: 
 Data sizes:     COMRAM   BANK0   BANK1  BANK2h  BANK2l
      Params:         0       0       0       0       0
      Locals:         0       0       0       0       0
      Temps:          0       0       0       0       0
      Totals:         0       0       0       0       0
Total ram usage:        0 bytes
 Hardware stack levels used:    1
 Hardware stack levels required when called:    4
 This function calls:
		_USER_USB_CALLBACK_EVENT_HANDLER
 This function is called by:
		_USBDeviceTasks
 This function uses a non-reentrant model


 *************** function _USBSuspend *****************
 Defined at:
		line 2245 in file "../../mla/framework/usb/src/usb_device.c"
 Parameters:    Size  Location     Type
		None
 Auto vars:     Size  Location     Type
		None
 Return value:  Size  Location     Type
		None               void
 Registers used:
		wreg, fsr2l, fsr2h, status,2, status,0, tblptrl, tblptrh, tblptru, prodl, prodh, cstack
 Tracked objects:
		On entry : 
		On exit  : 
		Unchanged: 
 Data sizes:     COMRAM   BANK0   BANK1  BANK2h  BANK2l
      Params:         0       0       0       0       0
      Locals:         0       0       0       0       0
      Temps:          0       0       0       0       0
      Totals:         0       0       0       0       0
Total ram usage:        0 bytes
 Hardware stack levels used:    1
 Hardware stack levels required when called:    4
 This function calls:
		_USER_USB_CALLBACK_EVENT_HANDLER
 This function is called by:
		_USBDeviceTasks
 This function uses a non-reentrant model


 *************** function _USBStallHandler *****************
 Defined at:
		line 2202 in file "../../mla/framework/usb/src/usb_device.c"
 Parameters:    Size  Location     Type
		None
 Auto vars:     Size  Location     Type
		None
 Return value:  Size  Location     Type
		None               void
 Registers used:
		wreg, fsr2l, fsr2h, status,2, status,0
 Tracked objects:
		On entry : 
		On exit  : 
		Unchanged: 
 Data sizes:     COMRAM   BANK0   BANK1  BANK2h  BANK2l
      Params:         0       0       0       0       0
      Locals:         0       0       0       0       0
      Temps:          0       0       0       0       0
      Totals:         0       0       0       0       0
Total ram usage:        0 bytes
 Hardware stack levels used:    1
 This function calls:
		Nothing
 This function is called by:
		_USBDeviceTasks
 This function uses a non-reentrant model


 *************** function _USBCtrlEPService *****************
 Defined at:
		line 2369 in file "../../mla/framework/usb/src/usb_device.c"
 Parameters:    Size  Location     Type
		None
 Auto vars:     Size  Location     Type
  setup_cnt       1   34[COMRAM] unsigned char 
 Return value:  Size  Location     Type
		None               void
 Registers used:
		wreg, fsr0l, fsr0h, fsr1l, fsr1h, fsr2l, fsr2h, status,2, status,0, tblptrl, tblptrh, tblptru, prodl, prodh, cstack
 Tracked objects:
		On entry : 
		On exit  : 
		Unchanged: 
 Data sizes:     COMRAM   BANK0   BANK1  BANK2h  BANK2l
      Params:         0       0       0       0       0
      Locals:         1       0       0       0       0
      Temps:          2       0       0       0       0
      Totals:         3       0       0       0       0
Total ram usage:        3 bytes
 Hardware stack levels used:    1
 Hardware stack levels required when called:    7
 This function calls:
		_USBCtrlTrfInHandler
		_USBCtrlTrfOutHandler
		_USBCtrlTrfSetupHandler
 This function is called by:
		_USBDeviceTasks
 This function uses a non-reentrant model


 *************** function _USBCtrlTrfSetupHandler *****************
 Defined at:
		line 2469 in file "../../mla/framework/usb/src/usb_device.c"
 Parameters:    Size  Location     Type
		None
 Auto vars:     Size  Location     Type
		None
 Return value:  Size  Location     Type
		None               void
 Registers used:
		wreg, fsr0l, fsr0h, fsr2l, fsr2h, status,2, status,0, tblptrl, tblptrh, tblptru, prodl, prodh, cstack
 Tracked objects:
		On entry : 
		On exit  : 
		Unchanged: 
 Data sizes:     COMRAM   BANK0   BANK1  BANK2h  BANK2l
      Params:         0       0       0       0       0
      Locals:         0       0       0       0       0
      Temps:          0       0       0       0       0
      Totals:         0       0       0       0       0
Total ram usage:        0 bytes
 Hardware stack levels used:    1
 Hardware stack levels required when called:    6
 This function calls:
		_USBCheckStdRequest
		_USBCtrlEPServiceComplete
		_USER_USB_CALLBACK_EVENT_HANDLER
 This function is called by:
		_USBCtrlEPService
 This function uses a non-reentrant model


 *************** function _USBCtrlEPServiceComplete *****************
 Defined at:
		line 1616 in file "../../mla/framework/usb/src/usb_device.c"
 Parameters:    Size  Location     Type
		None
 Auto vars:     Size  Location     Type
		None
 Return value:  Size  Location     Type
		None               void
 Registers used:
		wreg, fsr0l, fsr0h, fsr2l, fsr2h, status,2, status,0, tblptrl, tblptrh, tblptru, cstack
 Tracked objects:
		On entry : 
		On exit  : 
		Unchanged: 
 Data sizes:     COMRAM   BANK0   BANK1  BANK2h  BANK2l
      Params:         0       0       0       0       0
      Locals:         0       0       0       0       0
      Temps:          0       0       0       0       0
      Totals:         0       0       0       0       0
Total ram usage:        0 bytes
 Hardware stack levels used:    1
 Hardware stack levels required when called:    2
 This function calls:
		_USBCtrlEPAllowDataStage
		_USBCtrlEPAllowStatusStage
 This function is called by:
		_USBCtrlTrfSetupHandler
 This function uses a non-reentrant model


 *************** function _USBCtrlEPAllowDataStage *****************
 Defined at:
		line 1488 in file "../../mla/framework/usb/src/usb_device.c"
 Parameters:    Size  Location     Type
		None
 Auto vars:     Size  Location     Type
		None
 Return value:  Size  Location     Type
		None               void
 Registers used:
		wreg, fsr0l, fsr0h, fsr2l, fsr2h, status,2, status,0, tblptrl, tblptrh, tblptru, cstack
 Tracked objects:
		On entry : 
		On exit  : 
		Unchanged: 
 Data sizes:     COMRAM   BANK0   BANK1  BANK2h  BANK2l
      Params:         0       0       0       0       0
      Locals:         0       0       0       0       0
      Temps:          0       0       0       0       0
      Totals:         0       0       0       0       0
Total ram usage:        0 bytes
 Hardware stack levels used:    1
 Hardware stack levels required when called:    1
 This function calls:
		_USBCtrlTrfTxService
 This function is called by:
		_USBCtrlEPServiceComplete
 This function uses a non-reentrant model


 *************** function _USBCheckStdRequest *****************
 Defined at:
		line 2689 in file "../../mla/framework/usb/src/usb_device.c"
 Parameters:    Size  Location     Type
		None
 Auto vars:     Size  Location     Type
		None
 Return value:  Size  Location     Type
		None               void
 Registers used:
		wreg, fsr0l, fsr0h, fsr2l, fsr2h, status,2, status,0, tblptrl, tblptrh, tblptru, prodl, prodh, cstack
 Tracked objects:
		On entry : 
		On exit  : 
		Unchanged: 
 Data sizes:     COMRAM   BANK0   BANK1  BANK2h  BANK2l
      Params:         0       0       0       0       0
      Locals:         0       0       0       0       0
      Temps:          2       0       0       0       0
      Totals:         2       0       0       0       0
Total ram usage:        2 bytes
 Hardware stack levels used:    1
 Hardware stack levels required when called:    5
 This function calls:
		_USBStdFeatureReqHandler
		_USBStdGetDscHandler
		_USBStdGetStatusHandler
		_USBStdSetCfgHandler
		_USER_USB_CALLBACK_EVENT_HANDLER
 This function is called by:
		_USBCtrlTrfSetupHandler
 This function uses a non-reentrant model


 *************** function _USBStdSetCfgHandler *****************
 Defined at:
		line 1968 in file "../../mla/framework/usb/src/usb_device.c"
 Parameters:    Size  Location     Type
		None
 Auto vars:     Size  Location     Type
  i               1   22[COMRAM] unsigned char 
 Return value:  Size  Location     Type
		None               void
 Registers used:
		wreg, fsr2l, fsr2h, status,2, status,0, tblptrl, tblptrh, tblptru, prodl, prodh, cstack
 Tracked objects:
		On entry : 
		On exit  : 
		Unchanged: 
 Data sizes:     COMRAM   BANK0   BANK1  BANK2h  BANK2l
      Params:         0       0       0       0       0
      Locals:         1       0       0       0       0
      Temps:          0       0       0       0       0
      Totals:         1       0       0       0       0
Total ram usage:        1 bytes
 Hardware stack levels used:    1
 Hardware stack levels required when called:    4
 This function calls:
		_USER_USB_CALLBACK_EVENT_HANDLER
		i2_memset
 This function is called by:
		_USBCheckStdRequest
 This function uses a non-reentrant model


 *************** function i2_memset *****************
 Defined at:
		line 8 in file "/Applications/microchip/xc8/v1.33/sources/common/memset.c"
 Parameters:    Size  Location     Type
  p1              2    0[COMRAM] PTR void 
		 -> USBAlternateInterface(1), BDT(32), UEP1(1), 
  c               2    2[COMRAM] int 
  n               2    4[COMRAM] unsigned int 
 Auto vars:     Size  Location     Type
  memset          2    6[COMRAM] PTR unsigned char 
		 -> USBAlternateInterface(1), BDT(32), UEP1(1), 
 Return value:  Size  Location     Type
                  2    0[COMRAM] PTR void 
 Registers used:
		wreg, fsr2l, fsr2h, status,2, status,0
 Tracked objects:
		On entry : 
		On exit  : 
		Unchanged: 
 Data sizes:     COMRAM   BANK0   BANK1  BANK2h  BANK2l
      Params:         6       0       0       0       0
      Locals:         2       0       0       0       0
      Temps:          0       0       0       0       0
      Totals:         8       0       0       0       0
Total ram usage:        8 bytes
 Hardware stack levels used:    1
 This function calls:
		Nothing
 This function is called by:
		_USBStdSetCfgHandler
		i2_USBDeviceInit
 This function uses a non-reentrant model


 *************** function _USBStdGetStatusHandler *****************
 Defined at:
		line 2129 in file "../../mla/framework/usb/src/usb_device.c"
 Parameters:    Size  Location     Type
		None
 Auto vars:     Size  Location     Type
  p               2    1[COMRAM] PTR struct __BDT
		 -> BDT(32), NULL(0), 
 Return value:  Size  Location     Type
		None               void
 Registers used:
		wreg, fsr2l, fsr2h, status,2, status,0, prodl, prodh
 Tracked objects:
		On entry : 
		On exit  : 
		Unchanged: 
 Data sizes:     COMRAM   BANK0   BANK1  BANK2h  BANK2l
      Params:         0       0       0       0       0
      Locals:         2       0       0       0       0
      Temps:          1       0       0       0       0
      Totals:         3       0       0       0       0
Total ram usage:        3 bytes
 Hardware stack levels used:    1
 This function calls:
		Nothing
 This function is called by:
		_USBCheckStdRequest
 This function uses a non-reentrant model


 *************** function _USBStdGetDscHandler *****************
 Defined at:
		line 2043 in file "../../mla/framework/usb/src/usb_device.c"
 Parameters:    Size  Location     Type
		None
 Auto vars:     Size  Location     Type
		None
 Return value:  Size  Location     Type
		None               void
 Registers used:
		wreg, fsr0l, fsr0h, status,2, status,0, tblptrl, tblptrh, tblptru, prodl, prodh
 Tracked objects:
		On entry : 
		On exit  : 
		Unchanged: 
 Data sizes:     COMRAM   BANK0   BANK1  BANK2h  BANK2l
      Params:         0       0       0       0       0
      Locals:         0       0       0       0       0
      Temps:          2       0       0       0       0
      Totals:         2       0       0       0       0
Total ram usage:        2 bytes
 Hardware stack levels used:    1
 This function calls:
		Nothing
 This function is called by:
		_USBCheckStdRequest
 This function uses a non-reentrant model


 *************** function _USBStdFeatureReqHandler *****************
 Defined at:
		line 2757 in file "../../mla/framework/usb/src/usb_device.c"
 Parameters:    Size  Location     Type
		None
 Auto vars:     Size  Location     Type
  p               2   28[COMRAM] PTR struct __BDT
		 -> BDT(32), NULL(0), 
  pUEP            2   25[COMRAM] PTR unsigned char 
		 -> UEP0(1), 
  current_ep_d    1   27[COMRAM] struct .
 Return value:  Size  Location     Type
		None               void
 Registers used:
		wreg, fsr2l, fsr2h, status,2, status,0, tblptrl, tblptrh, tblptru, prodl, prodh, cstack
 Tracked objects:
		On entry : 
		On exit  : 
		Unchanged: 
 Data sizes:     COMRAM   BANK0   BANK1  BANK2h  BANK2l
      Params:         0       0       0       0       0
      Locals:         5       0       0       0       0
      Temps:          3       0       0       0       0
      Totals:         8       0       0       0       0
Total ram usage:        8 bytes
 Hardware stack levels used:    1
 Hardware stack levels required when called:    4
 This function calls:
		_USER_USB_CALLBACK_EVENT_HANDLER
 This function is called by:
		_USBCheckStdRequest
 This function uses a non-reentrant model


 *************** function _USER_USB_CALLBACK_EVENT_HANDLER *****************
 Defined at:
		line 105 in file "../src/main.c"
 Parameters:    Size  Location     Type
  event           2   14[COMRAM] enum E4643
  pdata           2   16[COMRAM] PTR void 
		 -> USTATcopy(1), USBActiveConfiguration(1), BDT(32), NULL(0), 
  size            2   18[COMRAM] unsigned int 
 Auto vars:     Size  Location     Type
		None
 Return value:  Size  Location     Type
                  1    wreg      unsigned char 
 Registers used:
		wreg, fsr2l, fsr2h, status,2, status,0, tblptrl, tblptrh, tblptru, prodl, prodh, cstack
 Tracked objects:
		On entry : 
		On exit  : 
		Unchanged: 
 Data sizes:     COMRAM   BANK0   BANK1  BANK2h  BANK2l
      Params:         6       0       0       0       0
      Locals:         0       0       0       0       0
      Temps:          2       0       0       0       0
      Totals:         8       0       0       0       0
Total ram usage:        8 bytes
 Hardware stack levels used:    1
 Hardware stack levels required when called:    3
 This function calls:
		_APP_DeviceVendorBasicDemoInitialize
		_APP_LEDUpdateUSBStatus
		_USBCheckVendorRequest
 This function is called by:
		_USBDeviceTasks
		_USBStdSetCfgHandler
		_USBSuspend
		_USBWakeFromSuspend
		_USBCtrlTrfSetupHandler
		_USBCheckStdRequest
		_USBStdFeatureReqHandler
 This function uses a non-reentrant model


 *************** function _USBCheckVendorRequest *****************
 Defined at:
		line 247 in file "../../mla/framework/usb/src/usb_device_generic.c"
 Parameters:    Size  Location     Type
		None
 Auto vars:     Size  Location     Type
  Length          2    0[COMRAM] unsigned int 
 Return value:  Size  Location     Type
		None               void
 Registers used:
		wreg, status,2, status,0, tblptrl, tblptrh, tblptru
 Tracked objects:
		On entry : 
		On exit  : 
		Unchanged: 
 Data sizes:     COMRAM   BANK0   BANK1  BANK2h  BANK2l
      Params:         0       0       0       0       0
      Locals:         2       0       0       0       0
      Temps:          0       0       0       0       0
      Totals:         2       0       0       0       0
Total ram usage:        2 bytes
 Hardware stack levels used:    1
 This function calls:
		Nothing
 This function is called by:
		_USER_USB_CALLBACK_EVENT_HANDLER
 This function uses a non-reentrant model


 *************** function _APP_LEDUpdateUSBStatus *****************
 Defined at:
		line 75 in file "../src/app_led_usb_status.c"
 Parameters:    Size  Location     Type
		None
 Auto vars:     Size  Location     Type
		None
 Return value:  Size  Location     Type
		None               void
 Registers used:
		wreg, status,2, status,0, cstack
 Tracked objects:
		On entry : 
		On exit  : 
		Unchanged: 
 Data sizes:     COMRAM   BANK0   BANK1  BANK2h  BANK2l
      Params:         0       0       0       0       0
      Locals:         0       0       0       0       0
      Temps:          0       0       0       0       0
      Totals:         0       0       0       0       0
Total ram usage:        0 bytes
 Hardware stack levels used:    1
 Hardware stack levels required when called:    1
 This function calls:
		_LED_Off
		_LED_On
 This function is called by:
		_USER_USB_CALLBACK_EVENT_HANDLER
 This function uses a non-reentrant model


 *************** function _LED_On *****************
 Defined at:
		line 59 in file "../src/leds.c"
 Parameters:    Size  Location     Type
  led             1    wreg     enum E2
 Auto vars:     Size  Location     Type
  led             1    0[COMRAM] enum E2
 Return value:  Size  Location     Type
		None               void
 Registers used:
		wreg, status,2, status,0
 Tracked objects:
		On entry : 
		On exit  : 
		Unchanged: 
 Data sizes:     COMRAM   BANK0   BANK1  BANK2h  BANK2l
      Params:         0       0       0       0       0
      Locals:         1       0       0       0       0
      Temps:          0       0       0       0       0
      Totals:         1       0       0       0       0
Total ram usage:        1 bytes
 Hardware stack levels used:    1
 This function calls:
		Nothing
 This function is called by:
		_APP_LEDUpdateUSBStatus
 This function uses a non-reentrant model


 *************** function _LED_Off *****************
 Defined at:
		line 100 in file "../src/leds.c"
 Parameters:    Size  Location     Type
  led             1    wreg     enum E2
 Auto vars:     Size  Location     Type
  led             1    0[COMRAM] enum E2
 Return value:  Size  Location     Type
		None               void
 Registers used:
		wreg, status,2, status,0
 Tracked objects:
		On entry : 
		On exit  : 
		Unchanged: 
 Data sizes:     COMRAM   BANK0   BANK1  BANK2h  BANK2l
      Params:         0       0       0       0       0
      Locals:         1       0       0       0       0
      Temps:          0       0       0       0       0
      Totals:         1       0       0       0       0
Total ram usage:        1 bytes
 Hardware stack levels used:    1
 This function calls:
		Nothing
 This function is called by:
		_APP_LEDUpdateUSBStatus
 This function uses a non-reentrant model


 *************** function _APP_DeviceVendorBasicDemoInitialize *****************
 Defined at:
		line 86 in file "../src/app_device_vendor_basic.c"
 Parameters:    Size  Location     Type
		None
 Auto vars:     Size  Location     Type
		None
 Return value:  Size  Location     Type
		None               void
 Registers used:
		wreg, fsr2l, fsr2h, status,2, status,0, prodl, prodh, cstack
 Tracked objects:
		On entry : 
		On exit  : 
		Unchanged: 
 Data sizes:     COMRAM   BANK0   BANK1  BANK2h  BANK2l
      Params:         0       0       0       0       0
      Locals:         0       0       0       0       0
      Temps:          0       0       0       0       0
      Totals:         0       0       0       0       0
Total ram usage:        0 bytes
 Hardware stack levels used:    1
 Hardware stack levels required when called:    2
 This function calls:
		_USBEnableEndpoint
		i2_USBTransferOnePacket
 This function is called by:
		_USER_USB_CALLBACK_EVENT_HANDLER
 This function uses a non-reentrant model


 *************** function i2_USBTransferOnePacket *****************
 Defined at:
		line 995 in file "../../mla/framework/usb/src/usb_device.c"
 Parameters:    Size  Location     Type
  ep              1    wreg     unsigned char 
  dir             1    0[COMRAM] unsigned char 
  data            2    1[COMRAM] PTR unsigned char 
		 -> INPacket(64), OUTPacket(64), 
  len             1    3[COMRAM] unsigned char 
 Auto vars:     Size  Location     Type
  ep              1    4[COMRAM] unsigned char 
  USBTransferO    2    5[COMRAM] PTR volatile struct __BD
		 -> BDT(32), NULL(0), 
 Return value:  Size  Location     Type
                  2    0[COMRAM] PTR void 
 Registers used:
		wreg, fsr2l, fsr2h, status,2, status,0, prodl, prodh
 Tracked objects:
		On entry : 
		On exit  : 
		Unchanged: 
 Data sizes:     COMRAM   BANK0   BANK1  BANK2h  BANK2l
      Params:         4       0       0       0       0
      Locals:         3       0       0       0       0
      Temps:          0       0       0       0       0
      Totals:         7       0       0       0       0
Total ram usage:        7 bytes
 Hardware stack levels used:    1
 This function calls:
		Nothing
 This function is called by:
		_APP_DeviceVendorBasicDemoInitialize
 This function uses a non-reentrant model


 *************** function _USBEnableEndpoint *****************
 Defined at:
		line 878 in file "../../mla/framework/usb/src/usb_device.c"
 Parameters:    Size  Location     Type
  ep              1    wreg     unsigned char 
  options         1    8[COMRAM] unsigned char 
 Auto vars:     Size  Location     Type
  ep              1   13[COMRAM] unsigned char 
  p               2   11[COMRAM] PTR unsigned char 
		 -> UEP0(1), 
 Return value:  Size  Location     Type
		None               void
 Registers used:
		wreg, fsr2l, fsr2h, status,2, status,0, prodl, prodh, cstack
 Tracked objects:
		On entry : 
		On exit  : 
		Unchanged: 
 Data sizes:     COMRAM   BANK0   BANK1  BANK2h  BANK2l
      Params:         1       0       0       0       0
      Locals:         3       0       0       0       0
      Temps:          2       0       0       0       0
      Totals:         6       0       0       0       0
Total ram usage:        6 bytes
 Hardware stack levels used:    1
 Hardware stack levels required when called:    1
 This function calls:
		_USBConfigureEndpoint
 This function is called by:
		_APP_DeviceVendorBasicDemoInitialize
 This function uses a non-reentrant model


 *************** function _USBConfigureEndpoint *****************
 Defined at:
		line 1543 in file "../../mla/framework/usb/src/usb_device.c"
 Parameters:    Size  Location     Type
  EPNum           1    wreg     unsigned char 
  direction       1    0[COMRAM] unsigned char 
 Auto vars:     Size  Location     Type
  EPNum           1    5[COMRAM] unsigned char 
  handle          2    6[COMRAM] PTR volatile struct __BD
		 -> BDT(32), 
 Return value:  Size  Location     Type
		None               void
 Registers used:
		wreg, fsr2l, fsr2h, status,2, status,0, prodl, prodh
 Tracked objects:
		On entry : 
		On exit  : 
		Unchanged: 
 Data sizes:     COMRAM   BANK0   BANK1  BANK2h  BANK2l
      Params:         1       0       0       0       0
      Locals:         3       0       0       0       0
      Temps:          4       0       0       0       0
      Totals:         8       0       0       0       0
Total ram usage:        8 bytes
 Hardware stack levels used:    1
 This function calls:
		Nothing
 This function is called by:
		_USBEnableEndpoint
 This function uses a non-reentrant model


 *************** function _USBCtrlTrfOutHandler *****************
 Defined at:
		line 2541 in file "../../mla/framework/usb/src/usb_device.c"
 Parameters:    Size  Location     Type
		None
 Auto vars:     Size  Location     Type
		None
 Return value:  Size  Location     Type
		None               void
 Registers used:
		wreg, fsr1l, fsr1h, fsr2l, fsr2h, status,2, status,0, prodl, prodh, cstack
 Tracked objects:
		On entry : 
		On exit  : 
		Unchanged: 
 Data sizes:     COMRAM   BANK0   BANK1  BANK2h  BANK2l
      Params:         0       0       0       0       0
      Locals:         0       0       0       0       0
      Temps:          0       0       0       0       0
      Totals:         0       0       0       0       0
Total ram usage:        0 bytes
 Hardware stack levels used:    1
 Hardware stack levels required when called:    2
 This function calls:
		_USBCtrlTrfRxService
 This function is called by:
		_USBCtrlEPService
 This function uses a non-reentrant model


 *************** function _USBCtrlTrfRxService *****************
 Defined at:
		line 1852 in file "../../mla/framework/usb/src/usb_device.c"
 Parameters:    Size  Location     Type
		None
 Auto vars:     Size  Location     Type
  byteToRead      1    1[COMRAM] unsigned char 
  i               1    0[COMRAM] unsigned char 
 Return value:  Size  Location     Type
		None               void
 Registers used:
		wreg, fsr1l, fsr1h, fsr2l, fsr2h, status,2, status,0, prodl, prodh, cstack
 Tracked objects:
		On entry : 
		On exit  : 
		Unchanged: 
 Data sizes:     COMRAM   BANK0   BANK1  BANK2h  BANK2l
      Params:         0       0       0       0       0
      Locals:         2       0       0       0       0
      Temps:          0       0       0       0       0
      Totals:         2       0       0       0       0
Total ram usage:        2 bytes
 Hardware stack levels used:    1
 Hardware stack levels required when called:    1
 This function calls:
		_USBCtrlEPAllowStatusStage
 This function is called by:
		_USBCtrlTrfOutHandler
 This function uses a non-reentrant model


 *************** function _USBCtrlEPAllowStatusStage *****************
 Defined at:
		line 1416 in file "../../mla/framework/usb/src/usb_device.c"
 Parameters:    Size  Location     Type
		None
 Auto vars:     Size  Location     Type
		None
 Return value:  Size  Location     Type
		None               void
 Registers used:
		wreg, fsr2l, fsr2h, status,2, status,0
 Tracked objects:
		On entry : 
		On exit  : 
		Unchanged: 
 Data sizes:     COMRAM   BANK0   BANK1  BANK2h  BANK2l
      Params:         0       0       0       0       0
      Locals:         0       0       0       0       0
      Temps:          0       0       0       0       0
      Totals:         0       0       0       0       0
Total ram usage:        0 bytes
 Hardware stack levels used:    1
 This function calls:
		Nothing
 This function is called by:
		_USBDeviceTasks
		_USBCtrlEPServiceComplete
		_USBCtrlTrfRxService
 This function uses a non-reentrant model


 *************** function _USBCtrlTrfInHandler *****************
 Defined at:
		line 2595 in file "../../mla/framework/usb/src/usb_device.c"
 Parameters:    Size  Location     Type
		None
 Auto vars:     Size  Location     Type
  lastDTS         1    1[COMRAM] unsigned char 
 Return value:  Size  Location     Type
		None               void
 Registers used:
		wreg, fsr0l, fsr0h, fsr2l, fsr2h, status,2, status,0, tblptrl, tblptrh, tblptru, cstack
 Tracked objects:
		On entry : 
		On exit  : 
		Unchanged: 
 Data sizes:     COMRAM   BANK0   BANK1  BANK2h  BANK2l
      Params:         0       0       0       0       0
      Locals:         1       0       0       0       0
      Temps:          0       0       0       0       0
      Totals:         1       0       0       0       0
Total ram usage:        1 bytes
 Hardware stack levels used:    1
 Hardware stack levels required when called:    1
 This function calls:
		_USBCtrlTrfTxService
 This function is called by:
		_USBCtrlEPService
 This function uses a non-reentrant model


 *************** function _USBCtrlTrfTxService *****************
 Defined at:
		line 1771 in file "../../mla/framework/usb/src/usb_device.c"
 Parameters:    Size  Location     Type
		None
 Auto vars:     Size  Location     Type
  byteToSend      1    0[COMRAM] unsigned char 
 Return value:  Size  Location     Type
		None               void
 Registers used:
		wreg, fsr0l, fsr0h, fsr2l, fsr2h, status,2, status,0, tblptrl, tblptrh, tblptru
 Tracked objects:
		On entry : 
		On exit  : 
		Unchanged: 
 Data sizes:     COMRAM   BANK0   BANK1  BANK2h  BANK2l
      Params:         0       0       0       0       0
      Locals:         1       0       0       0       0
      Temps:          0       0       0       0       0
      Totals:         1       0       0       0       0
Total ram usage:        1 bytes
 Hardware stack levels used:    1
 This function calls:
		Nothing
 This function is called by:
		_USBCtrlEPAllowDataStage
		_USBCtrlTrfInHandler
 This function uses a non-reentrant model



MODULE INFORMATION

Module		Function		Class		Link	Load	Size
/Applications/microchip/xc8/v1.33/sources/common/memset.c
		_memset        		CODE           	191E	0000	56

/Applications/microchip/xc8/v1.33/sources/common/memset.c estimated size: 56

../src/buttons.c
		_BUTTON_IsPress		CODE           	1A7E	0000	42
		_BUTTON_Enable 		CODE           	1B12	0000	18

../src/buttons.c estimated size: 60

../../mla/framework/usb/src/usb_device_generic.c
		_USBCheckVendor		CODE           	10CE	0000	208

../../mla/framework/usb/src/usb_device_generic.c estimated size: 208

../../mla/framework/usb/src/usb_device.c
		_USBCtrlTrfInHa		CODE           	1268	0000	202
		_USBTransferOne		CODE           	0D2C	0000	248
		_USBDeviceAttac		CODE           	19C2	0000	52
		_USBStdGetDscHa		CODE           	033C	0000	404
		_USBCtrlEPAllow		CODE           	14BC	0000	162
		_USBStdFeatureR		CODE           	0082	0000	698
		_USBCtrlEPAllow		CODE           	13F8	0000	196
		_USBCtrlTrfSetu		CODE           	15FC	0000	146
		_USBCtrlTrfOutH		CODE           	1780	0000	90
		_USBCtrlEPServi		CODE           	0E24	0000	240
		_USBSuspend    		CODE           	1AA8	0000	40
		_USBStdSetCfgHa		CODE           	0C32	0000	250
		_USBStdGetStatu		CODE           	1332	0000	198
		_USBWakeFromSus		CODE           	1A24	0000	46
		_USBCtrlTrfRxSe		CODE           	0A18	0000	284
		_USBCtrlTrfTxSe		CODE           	0F14	0000	224
		_USBEnableEndpo		CODE           	17DA	0000	72
		_USBConfigureEn		CODE           	155E	0000	158
		_USBDeviceInit 		CODE           	04D0	0000	384
		_USBCtrlEPServi		CODE           	0FF4	0000	218
		_USBStallHandle		CODE           	1868	0000	66
		_USBDeviceTasks		CODE           	07AE	0000	316
		_USBCheckStdReq		CODE           	0B34	0000	254

../../mla/framework/usb/src/usb_device.c estimated size: 4948

../src/system.c
		_SYS_InterruptH		CODE           	0008	0000	118
		_SYSTEM_Initial		CODE           	19F6	0000	46

../src/system.c estimated size: 164

../src/app_led_usb_status.c
		_APP_LEDUpdateU		CODE           	168E	0000	128

../src/app_led_usb_status.c estimated size: 128

../src/leds.c
		_LED_Off       		CODE           	198C	0000	54
		_LED_On        		CODE           	1956	0000	54
		_LED_Enable    		CODE           	18AA	0000	58
		_LED_Toggle    		CODE           	18E4	0000	58

../src/leds.c estimated size: 224

shared
		_configDescript		MEDIUMCONST    	3FB7	0000	32
		_USB_CD_Ptr    		MEDIUMCONST    	3E8B	0000	2
		_MSOSDescriptor		MEDIUMCONST    	3FD7	0000	18
		_sd001         		MEDIUMCONST    	3F5B	0000	52
		_sd002         		MEDIUMCONST    	3F1B	0000	64
		_CompatIDFeatur		MEDIUMCONST    	3F8F	0000	40
		i2_USBDeviceIni		CODE           	0650	0000	350
		__initializatio		CODE           	1AD0	0000	24
		_device_dsc    		MEDIUMCONST    	3FE9	0000	18
		_ExtPropertyFea		MEDIUMCONST    	3E8D	0000	142
		_USB_SD_Ptr    		MEDIUMCONST    	3E85	0000	6
		i2_memset      		CODE           	1A52	0000	44
		_sd000         		MEDIUMCONST    	3FFB	0000	4
		i2_USBTransferO		CODE           	119E	0000	202

shared estimated size: 998

../src/app_device_vendor_basic.c
		_APP_DeviceVend		CODE           	1822	0000	70
		_APP_DeviceVend		CODE           	08EA	0000	302

../src/app_device_vendor_basic.c estimated size: 372

../src/main.c
		_main          		CODE           	1AF2	0000	32
		_USER_USB_CALLB		CODE           	170E	0000	114

../src/main.c estimated size: 146

